Archive member included to satisfy reference by file (symbol)

.pio/build/genericSTM32F103C8/liba53/libIndexPnpBusDriver.a(HAL_uart_Stm32.cpp.o)
                              .pio/build/genericSTM32F103C8/src/main.cpp.o (HAL_uart_Stm32::getTime_us())
.pio/build/genericSTM32F103C8/liba53/libIndexPnpBusDriver.a(IndexPnpBusClient.cpp.o)
                              .pio/build/genericSTM32F103C8/src/main.cpp.o (IndexPnpBusClient::IndexPnpBusClient())
.pio/build/genericSTM32F103C8/liba53/libIndexPnpBusDriver.a(IndexPnpBusLinkLayer.cpp.o)
                              .pio/build/genericSTM32F103C8/liba53/libIndexPnpBusDriver.a(IndexPnpBusClient.cpp.o) (IndexPnpBusLinkLayer::txComplete())
.pio/build/genericSTM32F103C8/liba53/libIndexPnpBusDriver.a(IndexPnpBusPdu.cpp.o)
                              .pio/build/genericSTM32F103C8/liba53/libIndexPnpBusDriver.a(IndexPnpBusClient.cpp.o) (IndexPnpBusPdu::IndexPnpBusPdu())
c:/users/friedrich/.platformio/packages/toolchain-gccarmnoneeabi/bin/../lib/gcc/arm-none-eabi/9.2.1/thumb/v7-m/nofp\libgcc.a(_arm_muldf3.o)
                              .pio/build/genericSTM32F103C8/FrameworkArduino/HardwareTimer.cpp.o (__aeabi_dmul)
c:/users/friedrich/.platformio/packages/toolchain-gccarmnoneeabi/bin/../lib/gcc/arm-none-eabi/9.2.1/thumb/v7-m/nofp\libgcc.a(_arm_mulsf3.o)
                              .pio/build/genericSTM32F103C8/FrameworkArduino/Stream.cpp.o (__aeabi_fmul)
c:/users/friedrich/.platformio/packages/toolchain-gccarmnoneeabi/bin/../lib/gcc/arm-none-eabi/9.2.1/thumb/v7-m/nofp\libgcc.a(_arm_addsubdf3.o)
                              .pio/build/genericSTM32F103C8/FrameworkArduino/Print.cpp.o (__aeabi_dsub)
c:/users/friedrich/.platformio/packages/toolchain-gccarmnoneeabi/bin/../lib/gcc/arm-none-eabi/9.2.1/thumb/v7-m/nofp\libgcc.a(_arm_muldivdf3.o)
                              .pio/build/genericSTM32F103C8/FrameworkArduino/HardwareTimer.cpp.o (__aeabi_ddiv)
c:/users/friedrich/.platformio/packages/toolchain-gccarmnoneeabi/bin/../lib/gcc/arm-none-eabi/9.2.1/thumb/v7-m/nofp\libgcc.a(_arm_cmpdf2.o)
                              .pio/build/genericSTM32F103C8/FrameworkArduino/Print.cpp.o (__aeabi_dcmplt)
c:/users/friedrich/.platformio/packages/toolchain-gccarmnoneeabi/bin/../lib/gcc/arm-none-eabi/9.2.1/thumb/v7-m/nofp\libgcc.a(_arm_unorddf2.o)
                              .pio/build/genericSTM32F103C8/FrameworkArduino/Print.cpp.o (__aeabi_dcmpun)
c:/users/friedrich/.platformio/packages/toolchain-gccarmnoneeabi/bin/../lib/gcc/arm-none-eabi/9.2.1/thumb/v7-m/nofp\libgcc.a(_arm_fixdfsi.o)
                              .pio/build/genericSTM32F103C8/FrameworkArduino/Print.cpp.o (__aeabi_d2iz)
c:/users/friedrich/.platformio/packages/toolchain-gccarmnoneeabi/bin/../lib/gcc/arm-none-eabi/9.2.1/thumb/v7-m/nofp\libgcc.a(_arm_fixunsdfsi.o)
                              .pio/build/genericSTM32F103C8/FrameworkArduino/HardwareTimer.cpp.o (__aeabi_d2uiz)
c:/users/friedrich/.platformio/packages/toolchain-gccarmnoneeabi/bin/../lib/gcc/arm-none-eabi/9.2.1/thumb/v7-m/nofp\libgcc.a(_arm_truncdfsf2.o)
                              .pio/build/genericSTM32F103C8/FrameworkArduino/Stream.cpp.o (__aeabi_d2f)
c:/users/friedrich/.platformio/packages/toolchain-gccarmnoneeabi/bin/../lib/gcc/arm-none-eabi/9.2.1/thumb/v7-m/nofp\libgcc.a(_arm_addsubsf3.o)
                              .pio/build/genericSTM32F103C8/FrameworkArduino/Stream.cpp.o (__aeabi_i2f)
c:/users/friedrich/.platformio/packages/toolchain-gccarmnoneeabi/bin/../lib/gcc/arm-none-eabi/9.2.1/thumb/v7-m/nofp\libgcc.a(_aeabi_uldivmod.o)
                              .pio/build/genericSTM32F103C8/FrameworkArduino/Print.cpp.o (__aeabi_uldivmod)
c:/users/friedrich/.platformio/packages/toolchain-gccarmnoneeabi/bin/../lib/gcc/arm-none-eabi/9.2.1/thumb/v7-m/nofp\libgcc.a(_udivmoddi4.o)
                              c:/users/friedrich/.platformio/packages/toolchain-gccarmnoneeabi/bin/../lib/gcc/arm-none-eabi/9.2.1/thumb/v7-m/nofp\libgcc.a(_aeabi_uldivmod.o) (__udivmoddi4)
c:/users/friedrich/.platformio/packages/toolchain-gccarmnoneeabi/bin/../lib/gcc/arm-none-eabi/9.2.1/thumb/v7-m/nofp\libgcc.a(_dvmd_tls.o)
                              c:/users/friedrich/.platformio/packages/toolchain-gccarmnoneeabi/bin/../lib/gcc/arm-none-eabi/9.2.1/thumb/v7-m/nofp\libgcc.a(_aeabi_uldivmod.o) (__aeabi_ldiv0)
c:/users/friedrich/.platformio/packages/toolchain-gccarmnoneeabi/bin/../lib/gcc/arm-none-eabi/9.2.1/../../../../arm-none-eabi/lib/thumb/v7-m/nofp\libstdc++_nano.a(functional.o)
                              .pio/build/genericSTM32F103C8/FrameworkArduino/HardwareTimer.cpp.o (std::__throw_bad_function_call())
c:/users/friedrich/.platformio/packages/toolchain-gccarmnoneeabi/bin/../lib/gcc/arm-none-eabi/9.2.1/../../../../arm-none-eabi/lib/thumb/v7-m/nofp\libstdc++_nano.a(eh_exception.o)
[...]
Memory Configuration

Name             Origin             Length             Attributes
*default*        0x0000000000000000 0xffffffffffffffff
RAM              0x0000000020000000 0x0000000000005000 xrw
FLASH            0x0000000008000000 0x0000000000010000 xr

Linker script and memory map

                0x0000000020005000                _estack = (0x20000000 + LD_MAX_DATA_SIZE)
                0x0000000000000200                _Min_Heap_Size = 0x200
                0x0000000000000400                _Min_Stack_Size = 0x400

.isr_vector     0x0000000008000000      0x10c
                0x0000000008000000                . = ALIGN (0x4)
 *(.isr_vector)
 .isr_vector    0x0000000008000000      0x10c .pio/build/genericSTM32F103C8/FrameworkArduino/stm32/startup_stm32yyxx.S.o
                0x0000000008000000                g_pfnVectors
                0x000000000800010c                . = ALIGN (0x4)

.text           0x000000000800010c     0x6748
                0x000000000800010c                . = ALIGN (0x4)
 *(.text)
 .text          0x000000000800010c       0x10 c:/users/friedrich/.platformio/packages/toolchain-gccarmnoneeabi/bin/../lib/gcc/arm-none-eabi/9.2.1/../../../../arm-none-eabi/lib/thumb/v7-m/nofp\libc_nano.a(lib_a-strlen.o)
                0x000000000800010c                strlen
 *(.text*)
 .text.__do_global_dtors_aux
                0x000000000800011c       0x24 c:/users/friedrich/.platformio/packages/toolchain-gccarmnoneeabi/bin/../lib/gcc/arm-none-eabi/9.2.1/thumb/v7-m/nofp/crtbegin.o
 .text.frame_dummy
                0x0000000008000140       0x1c c:/users/friedrich/.platformio/packages/toolchain-gccarmnoneeabi/bin/../lib/gcc/arm-none-eabi/9.2.1/thumb/v7-m/nofp/crtbegin.o
 .text.SystemClock_Config
                0x000000000800015c       0x66 .pio/build/genericSTM32F103C8/FrameworkArduinoVariant/variant.cpp.o
                0x000000000800015c                SystemClock_Config
 .text._ZN14HardwareSerial16_tx_complete_irqEP8serial_s
                0x00000000080001c2       0x34 .pio/build/genericSTM32F103C8/FrameworkArduino/HardwareSerial.cpp.o
                0x00000000080001c2                HardwareSerial::_tx_complete_irq(serial_s*)
 .text._ZN14HardwareSerial9availableEv
                0x00000000080001f6       0x14 .pio/build/genericSTM32F103C8/FrameworkArduino/HardwareSerial.cpp.o
                0x00000000080001f6                HardwareSerial::available()
 .text._ZN14HardwareSerial4peekEv
                0x000000000800020a       0x1c .pio/build/genericSTM32F103C8/FrameworkArduino/HardwareSerial.cpp.o
                0x000000000800020a                HardwareSerial::peek()
 .text._ZN14HardwareSerial5flushEv
                0x0000000008000226       0x14 .pio/build/genericSTM32F103C8/FrameworkArduino/HardwareSerial.cpp.o
                0x0000000008000226                HardwareSerial::flush()
 .text._ZN14HardwareSerial16_rx_complete_irqEP8serial_s
                0x000000000800023a       0x3c .pio/build/genericSTM32F103C8/FrameworkArduino/HardwareSerial.cpp.o
                0x000000000800023a                HardwareSerial::_rx_complete_irq(serial_s*)
 .text._ZN14HardwareSerial4initE7PinNameS0_
                0x0000000008000276       0x3a .pio/build/genericSTM32F103C8/FrameworkArduino/HardwareSerial.cpp.o
                0x0000000008000276                HardwareSerial::init(PinName, PinName)
 .text._ZN14HardwareSerial5setRxEm
                0x00000000080002b0       0x34 .pio/build/genericSTM32F103C8/FrameworkArduino/HardwareSerial.cpp.o
                0x00000000080002b0                HardwareSerial::setRx(unsigned long)
 .text._ZN14HardwareSerial5setTxEm
                0x00000000080002e4       0x34 .pio/build/genericSTM32F103C8/FrameworkArduino/HardwareSerial.cpp.o
                0x00000000080002e4                HardwareSerial::setTx(unsigned long)
 .text._ZN14HardwareSerialC2EPv16HalfDuplexMode_t
                0x0000000008000318       0x7c .pio/build/genericSTM32F103C8/FrameworkArduino/HardwareSerial.cpp.o
                0x0000000008000318                HardwareSerial::HardwareSerial(void*, HalfDuplexMode_t)
                0x0000000008000318                HardwareSerial::HardwareSerial(void*, HalfDuplexMode_t)
 .text._Z41__static_initialization_and_destruction_0ii
                0x0000000008000394       0x28 .pio/build/genericSTM32F103C8/FrameworkArduino/HardwareSerial.cpp.o
 .text._ZNK14HardwareSerial12isHalfDuplexEv
                0x00000000080003bc       0x10 .pio/build/genericSTM32F103C8/FrameworkArduino/HardwareSerial.cpp.o
                0x00000000080003bc                HardwareSerial::isHalfDuplex() const
 .text._ZN14HardwareSerial5writeEh
                0x00000000080003cc       0x70 .pio/build/genericSTM32F103C8/FrameworkArduino/HardwareSerial.cpp.o
                0x00000000080003cc                HardwareSerial::write(unsigned char)
 .text._ZN14HardwareSerial18enableHalfDuplexRxEv
                0x000000000800043c       0x2a .pio/build/genericSTM32F103C8/FrameworkArduino/HardwareSerial.cpp.o
                0x000000000800043c                HardwareSerial::enableHalfDuplexRx()
 *fill*         0x0000000008000466        0x2 
 .text._ZN14HardwareSerial5beginEmh
                0x0000000008000468       0xb0 .pio/build/genericSTM32F103C8/FrameworkArduino/HardwareSerial.cpp.o
                0x0000000008000468                HardwareSerial::begin(unsigned long, unsigned char)
 .text._ZN14HardwareSerial4readEv
                0x0000000008000518       0x2e .pio/build/genericSTM32F103C8/FrameworkArduino/HardwareSerial.cpp.o
                0x0000000008000518                HardwareSerial::read()
 .text._GLOBAL__sub_I_Serial1
                0x0000000008000546        0xe .pio/build/genericSTM32F103C8/FrameworkArduino/HardwareSerial.cpp.o
 .text._Z15get_timer_indexP11TIM_TypeDef
                0x0000000008000554       0x3c .pio/build/genericSTM32F103C8/FrameworkArduino/HardwareTimer.cpp.o
                0x0000000008000554                get_timer_index(TIM_TypeDef*)
 .text._ZN13HardwareTimerD2Ev
                0x0000000008000590       0x48 .pio/build/genericSTM32F103C8/FrameworkArduino/HardwareTimer.cpp.o
                0x0000000008000590                HardwareTimer::~HardwareTimer()
                0x0000000008000590                HardwareTimer::~HardwareTimer()
 .text._ZN13HardwareTimerC2EP11TIM_TypeDef
                0x00000000080005d8       0xd8 .pio/build/genericSTM32F103C8/FrameworkArduino/HardwareTimer.cpp.o
                0x00000000080005d8                HardwareTimer::HardwareTimer(TIM_TypeDef*)
                0x00000000080005d8                HardwareTimer::HardwareTimer(TIM_TypeDef*)
 .text.TIM1_UP_IRQHandler
                0x00000000080006b0       0x14 .pio/build/genericSTM32F103C8/FrameworkArduino/HardwareTimer.cpp.o
                0x00000000080006b0                TIM1_UP_IRQHandler
 .text.TIM1_CC_IRQHandler
                0x00000000080006c4       0x14 .pio/build/genericSTM32F103C8/FrameworkArduino/HardwareTimer.cpp.o
                0x00000000080006c4                TIM1_CC_IRQHandler
 .text.TIM2_IRQHandler
                0x00000000080006d8       0x14 .pio/build/genericSTM32F103C8/FrameworkArduino/HardwareTimer.cpp.o
                0x00000000080006d8                TIM2_IRQHandler
 .text.TIM3_IRQHandler
                0x00000000080006ec       0x14 .pio/build/genericSTM32F103C8/FrameworkArduino/HardwareTimer.cpp.o
                0x00000000080006ec                TIM3_IRQHandler
 .text.TIM4_IRQHandler
                0x0000000008000700       0x14 .pio/build/genericSTM32F103C8/FrameworkArduino/HardwareTimer.cpp.o
                0x0000000008000700                TIM4_IRQHandler
 .text._ZNKSt8functionIFvvEEclEv
                0x0000000008000714       0x10 .pio/build/genericSTM32F103C8/FrameworkArduino/HardwareTimer.cpp.o
                0x0000000008000714                std::function<void ()>::operator()() const
 .text._ZN13HardwareTimer14updateCallbackEP17TIM_HandleTypeDef
                0x0000000008000724       0x2c .pio/build/genericSTM32F103C8/FrameworkArduino/HardwareTimer.cpp.o
                0x0000000008000724                HardwareTimer::updateCallback(TIM_HandleTypeDef*)
 .text.HAL_TIM_PeriodElapsedCallback
                0x0000000008000750        0x8 .pio/build/genericSTM32F103C8/FrameworkArduino/HardwareTimer.cpp.o
                0x0000000008000750                HAL_TIM_PeriodElapsedCallback
 .text._ZN13HardwareTimer22captureCompareCallbackEP17TIM_HandleTypeDef
                0x0000000008000758       0x50 .pio/build/genericSTM32F103C8/FrameworkArduino/HardwareTimer.cpp.o
                0x0000000008000758                HardwareTimer::captureCompareCallback(TIM_HandleTypeDef*)
 .text.HAL_TIM_IC_CaptureCallback
                0x00000000080007a8        0x8 .pio/build/genericSTM32F103C8/FrameworkArduino/HardwareTimer.cpp.o
                0x00000000080007a8                HAL_TIM_IC_CaptureCallback
 .text.HAL_TIM_OC_DelayElapsedCallback
                0x00000000080007b0        0x8 .pio/build/genericSTM32F103C8/FrameworkArduino/HardwareTimer.cpp.o
                0x00000000080007b0                HAL_TIM_OC_DelayElapsedCallback
 .text._ZNK9IPAddress7printToER5Print
                0x00000000080007b8       0x38 .pio/build/genericSTM32F103C8/FrameworkArduino/IPAddress.cpp.o
                0x00000000080007b8                IPAddress::printTo(Print&) const
 .text._ZN9IPAddressC2Ehhhh
                0x00000000080007f0       0x1c .pio/build/genericSTM32F103C8/FrameworkArduino/IPAddress.cpp.o
                0x00000000080007f0                IPAddress::IPAddress(unsigned char, unsigned char, unsigned char, unsigned char)
                0x00000000080007f0                IPAddress::IPAddress(unsigned char, unsigned char, unsigned char, unsigned char)
 .text._Z41__static_initialization_and_destruction_0ii
                0x000000000800080c       0x2c .pio/build/genericSTM32F103C8/FrameworkArduino/IPAddress.cpp.o
 .text._GLOBAL__sub_I__ZN9IPAddressC2Ev
                0x0000000008000838        0xe .pio/build/genericSTM32F103C8/FrameworkArduino/IPAddress.cpp.o
 .text._ZN5Print5writeEPKhj
                0x0000000008000846       0x24 .pio/build/genericSTM32F103C8/FrameworkArduino/Print.cpp.o
                0x0000000008000846                Print::write(unsigned char const*, unsigned int)
 .text._ZN5Print5printEc
                0x000000000800086a        0xa .pio/build/genericSTM32F103C8/FrameworkArduino/Print.cpp.o
                0x000000000800086a                Print::print(char)
 .text._ZN5Print11printNumberEmh
                0x0000000008000874       0x5e .pio/build/genericSTM32F103C8/FrameworkArduino/Print.cpp.o
                0x0000000008000874                Print::printNumber(unsigned long, unsigned char)
 .text._ZN5Print5printEmi
                0x00000000080008d2       0x16 .pio/build/genericSTM32F103C8/FrameworkArduino/Print.cpp.o
                0x00000000080008d2                Print::print(unsigned long, int)
 .text._ZN5Print5printEhi
                0x00000000080008e8        0x8 .pio/build/genericSTM32F103C8/FrameworkArduino/Print.cpp.o
                0x00000000080008e8                Print::print(unsigned char, int)
 .text._ZN6Stream9timedReadEv
                0x00000000080008f0       0x2a .pio/build/genericSTM32F103C8/FrameworkArduino/Stream.cpp.o
                0x00000000080008f0                Stream::timedRead()
 .text._ZN6Stream9readBytesEPcj
                0x000000000800091a       0x28 .pio/build/genericSTM32F103C8/FrameworkArduino/Stream.cpp.o
                0x000000000800091a                Stream::readBytes(char*, unsigned int)
 .text._ZN6Stream14readBytesUntilEcPcj
                0x0000000008000942       0x38 .pio/build/genericSTM32F103C8/FrameworkArduino/Stream.cpp.o
                0x0000000008000942                Stream::readBytesUntil(char, char*, unsigned int)
 .text._ZN9USBSerial5writeEh
                0x000000000800097a       0x1a .pio/build/genericSTM32F103C8/FrameworkArduino/USBSerial.cpp.o
                0x000000000800097a                USBSerial::write(unsigned char)
 .text._Z41__static_initialization_and_destruction_0ii
                0x0000000008000994       0x28 .pio/build/genericSTM32F103C8/FrameworkArduino/USBSerial.cpp.o
 .text._ZN9USBSerial17availableForWriteEv
                0x00000000080009bc       0x10 .pio/build/genericSTM32F103C8/FrameworkArduino/USBSerial.cpp.o
                0x00000000080009bc                USBSerial::availableForWrite()
 .text._ZN9USBSerial5writeEPKhj
                0x00000000080009cc       0x44 .pio/build/genericSTM32F103C8/FrameworkArduino/USBSerial.cpp.o
                0x00000000080009cc                USBSerial::write(unsigned char const*, unsigned int)
 .text._ZN9USBSerial9availableEv
                0x0000000008000a10       0x10 .pio/build/genericSTM32F103C8/FrameworkArduino/USBSerial.cpp.o
                0x0000000008000a10                USBSerial::available()
 .text._ZN9USBSerial4readEv
                0x0000000008000a20       0x18 .pio/build/genericSTM32F103C8/FrameworkArduino/USBSerial.cpp.o
                0x0000000008000a20                USBSerial::read()
 .text._ZN9USBSerial9readBytesEPcj
                0x0000000008000a38       0x48 .pio/build/genericSTM32F103C8/FrameworkArduino/USBSerial.cpp.o
                0x0000000008000a38                USBSerial::readBytes(char*, unsigned int)
 .text._ZN9USBSerial14readBytesUntilEcPcj
                0x0000000008000a80       0x64 .pio/build/genericSTM32F103C8/FrameworkArduino/USBSerial.cpp.o
                0x0000000008000a80                USBSerial::readBytesUntil(char, char*, unsigned int)
 .text._ZN9USBSerial4peekEv
                0x0000000008000ae4       0x10 .pio/build/genericSTM32F103C8/FrameworkArduino/USBSerial.cpp.o
                0x0000000008000ae4                USBSerial::peek()
 .text._ZN9USBSerial5flushEv
                0x0000000008000af4       0x14 .pio/build/genericSTM32F103C8/FrameworkArduino/USBSerial.cpp.o
                0x0000000008000af4                USBSerial::flush()
 .text._ZN9USBSerial5beginEv
                0x0000000008000b08        0x8 .pio/build/genericSTM32F103C8/FrameworkArduino/USBSerial.cpp.o
                0x0000000008000b08                USBSerial::begin()
 .text._GLOBAL__sub_I_SerialUSB
                0x0000000008000b10        0xe .pio/build/genericSTM32F103C8/FrameworkArduino/USBSerial.cpp.o
 *fill*         0x0000000008000b1e        0x2 
 .text._Z14serialEventRunv
                0x0000000008000b20       0x38 .pio/build/genericSTM32F103C8/FrameworkArduino/WSerial.cpp.o
                0x0000000008000b20                serialEventRun()
 .text.__cxa_pure_virtual
                0x0000000008000b58        0x2 .pio/build/genericSTM32F103C8/FrameworkArduino/abi.cpp.o
                0x0000000008000b58                __cxa_pure_virtual
 .text.init     0x0000000008000b5a        0x8 .pio/build/genericSTM32F103C8/FrameworkArduino/board.c.o
                0x0000000008000b5a                init
 .text.__empty  0x0000000008000b62        0x2 .pio/build/genericSTM32F103C8/FrameworkArduino/hooks.c.o
                0x0000000008000b62                yield
 .text._Z7premainv
                0x0000000008000b64        0xe .pio/build/genericSTM32F103C8/FrameworkArduino/main.cpp.o
                0x0000000008000b64                premain()
 .text.main     0x0000000008000b72       0x14 .pio/build/genericSTM32F103C8/FrameworkArduino/main.cpp.o
                0x0000000008000b72                main
 .text._Znwj    0x0000000008000b86        0x8 .pio/build/genericSTM32F103C8/FrameworkArduino/new.cpp.o
                0x0000000008000b86                operator new(unsigned int)
 .text._ZdlPvj  0x0000000008000b8e        0x8 .pio/build/genericSTM32F103C8/FrameworkArduino/new.cpp.o
                0x0000000008000b8e                operator delete(void*, unsigned int)
 *fill*         0x0000000008000b96        0x2 
 .text.pinNametoDigitalPin
                0x0000000008000b98       0x28 .pio/build/genericSTM32F103C8/FrameworkArduino/pins_arduino.c.o
                0x0000000008000b98                pinNametoDigitalPin
 .text.Reset_Handler
                0x0000000008000bc0       0x48 .pio/build/genericSTM32F103C8/FrameworkArduino/stm32/startup_stm32yyxx.S.o
                0x0000000008000bc0                Reset_Handler
 .text.Default_Handler
                0x0000000008000c08        0x2 .pio/build/genericSTM32F103C8/FrameworkArduino/stm32/startup_stm32yyxx.S.o
                0x0000000008000c08                DebugMon_Handler
                0x0000000008000c08                HardFault_Handler
                0x0000000008000c08                PVD_IRQHandler
                0x0000000008000c08                PendSV_Handler
                0x0000000008000c08                NMI_Handler
                0x0000000008000c08                I2C2_EV_IRQHandler
                0x0000000008000c08                UsageFault_Handler
                0x0000000008000c08                ADC1_2_IRQHandler
                0x0000000008000c08                SPI1_IRQHandler
                0x0000000008000c08                TAMPER_IRQHandler
                0x0000000008000c08                DMA1_Channel4_IRQHandler
                0x0000000008000c08                RTC_IRQHandler
                0x0000000008000c08                DMA1_Channel7_IRQHandler
                0x0000000008000c08                CAN1_RX1_IRQHandler
                0x0000000008000c08                I2C1_EV_IRQHandler
                0x0000000008000c08                DMA1_Channel6_IRQHandler
                0x0000000008000c08                RCC_IRQHandler
                0x0000000008000c08                TIM1_TRG_COM_IRQHandler
                0x0000000008000c08                DMA1_Channel1_IRQHandler
                0x0000000008000c08                Default_Handler
                0x0000000008000c08                SPI2_IRQHandler
                0x0000000008000c08                MemManage_Handler
                0x0000000008000c08                SVC_Handler
                0x0000000008000c08                DMA1_Channel5_IRQHandler
                0x0000000008000c08                USB_HP_CAN1_TX_IRQHandler
                0x0000000008000c08                DMA1_Channel3_IRQHandler
                0x0000000008000c08                WWDG_IRQHandler
                0x0000000008000c08                TIM1_BRK_IRQHandler
                0x0000000008000c08                I2C2_ER_IRQHandler
                0x0000000008000c08                DMA1_Channel2_IRQHandler
                0x0000000008000c08                CAN1_SCE_IRQHandler
                0x0000000008000c08                FLASH_IRQHandler
                0x0000000008000c08                BusFault_Handler
                0x0000000008000c08                I2C1_ER_IRQHandler
 .text.CDC_TransmitQueue_Init
                0x0000000008000c0a        0xc .pio/build/genericSTM32F103C8/FrameworkArduino/stm32/usb/cdc/cdc_queue.c.o
                0x0000000008000c0a                CDC_TransmitQueue_Init
 .text.CDC_TransmitQueue_WriteSize
                0x0000000008000c16       0x22 .pio/build/genericSTM32F103C8/FrameworkArduino/stm32/usb/cdc/cdc_queue.c.o
                0x0000000008000c16                CDC_TransmitQueue_WriteSize
 .text.CDC_TransmitQueue_ReadSize
                0x0000000008000c38       0x20 .pio/build/genericSTM32F103C8/FrameworkArduino/stm32/usb/cdc/cdc_queue.c.o
                0x0000000008000c38                CDC_TransmitQueue_ReadSize
 .text.CDC_TransmitQueue_Enqueue
                0x0000000008000c58       0x4e .pio/build/genericSTM32F103C8/FrameworkArduino/stm32/usb/cdc/cdc_queue.c.o
                0x0000000008000c58                CDC_TransmitQueue_Enqueue
 .text.CDC_TransmitQueue_ReadBlock
                0x0000000008000ca6       0x3e .pio/build/genericSTM32F103C8/FrameworkArduino/stm32/usb/cdc/cdc_queue.c.o
                0x0000000008000ca6                CDC_TransmitQueue_ReadBlock
 .text.CDC_TransmitQueue_CommitRead
                0x0000000008000ce4       0x18 .pio/build/genericSTM32F103C8/FrameworkArduino/stm32/usb/cdc/cdc_queue.c.o
                0x0000000008000ce4                CDC_TransmitQueue_CommitRead
 .text.CDC_ReceiveQueue_Init
                0x0000000008000cfc       0x12 .pio/build/genericSTM32F103C8/FrameworkArduino/stm32/usb/cdc/cdc_queue.c.o
                0x0000000008000cfc                CDC_ReceiveQueue_Init
 .text.CDC_ReceiveQueue_ReserveBlock
                0x0000000008000d0e       0x8e .pio/build/genericSTM32F103C8/FrameworkArduino/stm32/usb/cdc/cdc_queue.c.o
                0x0000000008000d0e                CDC_ReceiveQueue_ReserveBlock
 .text.CDC_ReceiveQueue_CommitBlock
                0x0000000008000d9c       0x36 .pio/build/genericSTM32F103C8/FrameworkArduino/stm32/usb/cdc/cdc_queue.c.o
                0x0000000008000d9c                CDC_ReceiveQueue_CommitBlock
 .text.CDC_ReceiveQueue_ReadSize
                0x0000000008000dd2       0x50 .pio/build/genericSTM32F103C8/FrameworkArduino/stm32/usb/cdc/cdc_queue.c.o
                0x0000000008000dd2                CDC_ReceiveQueue_ReadSize
 .text.CDC_ReceiveQueue_Dequeue
                0x0000000008000e22       0x70 .pio/build/genericSTM32F103C8/FrameworkArduino/stm32/usb/cdc/cdc_queue.c.o
                0x0000000008000e22                CDC_ReceiveQueue_Dequeue
 .text.CDC_ReceiveQueue_Peek
                0x0000000008000e92       0x4e .pio/build/genericSTM32F103C8/FrameworkArduino/stm32/usb/cdc/cdc_queue.c.o
                0x0000000008000e92                CDC_ReceiveQueue_Peek
 .text.CDC_ReceiveQueue_Read
                0x0000000008000ee0       0xa2 .pio/build/genericSTM32F103C8/FrameworkArduino/stm32/usb/cdc/cdc_queue.c.o
                0x0000000008000ee0                CDC_ReceiveQueue_Read
 .text.CDC_ReceiveQueue_ReadUntil
                0x0000000008000f82       0xe2 .pio/build/genericSTM32F103C8/FrameworkArduino/stm32/usb/cdc/cdc_queue.c.o
                0x0000000008000f82                CDC_ReceiveQueue_ReadUntil
 .text.USBD_CDC_EP0_RxReady
                0x0000000008001064       0x28 .pio/build/genericSTM32F103C8/FrameworkArduino/stm32/usb/cdc/usbd_cdc.c.o
 .text.USBD_CDC_GetFSCfgDesc
                0x000000000800108c        0xc .pio/build/genericSTM32F103C8/FrameworkArduino/stm32/usb/cdc/usbd_cdc.c.o
 .text.USBD_CDC_GetHSCfgDesc
                0x0000000008001098        0xc .pio/build/genericSTM32F103C8/FrameworkArduino/stm32/usb/cdc/usbd_cdc.c.o
 .text.USBD_CDC_GetOtherSpeedCfgDesc
                0x00000000080010a4        0xc .pio/build/genericSTM32F103C8/FrameworkArduino/stm32/usb/cdc/usbd_cdc.c.o
 .text.USBD_CDC_GetDeviceQualifierDescriptor
                0x00000000080010b0        0xc .pio/build/genericSTM32F103C8/FrameworkArduino/stm32/usb/cdc/usbd_cdc.c.o
                0x00000000080010b0                USBD_CDC_GetDeviceQualifierDescriptor
 .text.USBD_CDC_DataOut
                0x00000000080010bc       0x2e .pio/build/genericSTM32F103C8/FrameworkArduino/stm32/usb/cdc/usbd_cdc.c.o
 .text.USBD_CDC_DataIn
                0x00000000080010ea       0x58 .pio/build/genericSTM32F103C8/FrameworkArduino/stm32/usb/cdc/usbd_cdc.c.o
 .text.USBD_CDC_Setup
                0x0000000008001142       0xd6 .pio/build/genericSTM32F103C8/FrameworkArduino/stm32/usb/cdc/usbd_cdc.c.o
 .text.USBD_CDC_DeInit
                0x0000000008001218       0x42 .pio/build/genericSTM32F103C8/FrameworkArduino/stm32/usb/cdc/usbd_cdc.c.o
 .text.USBD_CDC_Init
                0x000000000800125a       0xaa .pio/build/genericSTM32F103C8/FrameworkArduino/stm32/usb/cdc/usbd_cdc.c.o
 .text.USBD_CDC_RegisterInterface
                0x0000000008001304        0xe .pio/build/genericSTM32F103C8/FrameworkArduino/stm32/usb/cdc/usbd_cdc.c.o
                0x0000000008001304                USBD_CDC_RegisterInterface
 .text.USBD_CDC_SetTxBuffer
                0x0000000008001312       0x10 .pio/build/genericSTM32F103C8/FrameworkArduino/stm32/usb/cdc/usbd_cdc.c.o
                0x0000000008001312                USBD_CDC_SetTxBuffer
 .text.USBD_CDC_SetRxBuffer
                0x0000000008001322        0xc .pio/build/genericSTM32F103C8/FrameworkArduino/stm32/usb/cdc/usbd_cdc.c.o
                0x0000000008001322                USBD_CDC_SetRxBuffer
 .text.USBD_CDC_TransmitPacket
                0x000000000800132e       0x34 .pio/build/genericSTM32F103C8/FrameworkArduino/stm32/usb/cdc/usbd_cdc.c.o
                0x000000000800132e                USBD_CDC_TransmitPacket
 .text.USBD_CDC_ReceivePacket
                0x0000000008001362       0x30 .pio/build/genericSTM32F103C8/FrameworkArduino/stm32/usb/cdc/usbd_cdc.c.o
                0x0000000008001362                USBD_CDC_ReceivePacket
 .text.USBD_CDC_ClearBuffer
                0x0000000008001392       0x1a .pio/build/genericSTM32F103C8/FrameworkArduino/stm32/usb/cdc/usbd_cdc.c.o
                0x0000000008001392                USBD_CDC_ClearBuffer
 .text.USBD_CDC_DeInit
                0x00000000080013ac        0x4 .pio/build/genericSTM32F103C8/FrameworkArduino/stm32/usb/cdc/usbd_cdc_if.c.o
 .text.USBD_CDC_Control
                0x00000000080013b0       0x7c .pio/build/genericSTM32F103C8/FrameworkArduino/stm32/usb/cdc/usbd_cdc_if.c.o
 .text.USBD_CDC_Init
                0x000000000800142c       0x38 .pio/build/genericSTM32F103C8/FrameworkArduino/stm32/usb/cdc/usbd_cdc_if.c.o
 .text.CDC_init
                0x0000000008001464       0x54 .pio/build/genericSTM32F103C8/FrameworkArduino/stm32/usb/cdc/usbd_cdc_if.c.o
                0x0000000008001464                CDC_init
 .text.CDC_connected
                0x00000000080014b8       0x40 .pio/build/genericSTM32F103C8/FrameworkArduino/stm32/usb/cdc/usbd_cdc_if.c.o
                0x00000000080014b8                CDC_connected
 .text.CDC_continue_transmit
                0x00000000080014f8       0x54 .pio/build/genericSTM32F103C8/FrameworkArduino/stm32/usb/cdc/usbd_cdc_if.c.o
                0x00000000080014f8                CDC_continue_transmit
 .text.USBD_CDC_Transferred
                0x000000000800154c       0x20 .pio/build/genericSTM32F103C8/FrameworkArduino/stm32/usb/cdc/usbd_cdc_if.c.o
 .text.CDC_resume_receive
                0x000000000800156c       0x40 .pio/build/genericSTM32F103C8/FrameworkArduino/stm32/usb/cdc/usbd_cdc_if.c.o
                0x000000000800156c                CDC_resume_receive
 .text.USBD_CDC_Receive
                0x00000000080015ac       0x30 .pio/build/genericSTM32F103C8/FrameworkArduino/stm32/usb/cdc/usbd_cdc_if.c.o
 .text.USBD_Init
                0x00000000080015dc       0x2e .pio/build/genericSTM32F103C8/FrameworkArduino/stm32/usb/usb_device_core.c.o
                0x00000000080015dc                USBD_Init
 .text.USBD_RegisterClass
                0x000000000800160a        0xe .pio/build/genericSTM32F103C8/FrameworkArduino/stm32/usb/usb_device_core.c.o
                0x000000000800160a                USBD_RegisterClass
 .text.USBD_Start
                0x0000000008001618        0xa .pio/build/genericSTM32F103C8/FrameworkArduino/stm32/usb/usb_device_core.c.o
                0x0000000008001618                USBD_Start
 .text.USBD_SetClassConfig
                0x0000000008001622       0x18 .pio/build/genericSTM32F103C8/FrameworkArduino/stm32/usb/usb_device_core.c.o
                0x0000000008001622                USBD_SetClassConfig
 .text.USBD_ClrClassConfig
                0x000000000800163a        0xe .pio/build/genericSTM32F103C8/FrameworkArduino/stm32/usb/usb_device_core.c.o
                0x000000000800163a                USBD_ClrClassConfig
 .text.USBD_LL_SetupStage
                0x0000000008001648       0x5a .pio/build/genericSTM32F103C8/FrameworkArduino/stm32/usb/usb_device_core.c.o
                0x0000000008001648                USBD_LL_SetupStage
 .text.USBD_LL_DataOutStage
                0x00000000080016a2       0x8c .pio/build/genericSTM32F103C8/FrameworkArduino/stm32/usb/usb_device_core.c.o
                0x00000000080016a2                USBD_LL_DataOutStage
 .text.USBD_LL_DataInStage
                0x000000000800172e       0xd0 .pio/build/genericSTM32F103C8/FrameworkArduino/stm32/usb/usb_device_core.c.o
                0x000000000800172e                USBD_LL_DataInStage
 .text.USBD_LL_Reset
                0x00000000080017fe       0x50 .pio/build/genericSTM32F103C8/FrameworkArduino/stm32/usb/usb_device_core.c.o
                0x00000000080017fe                USBD_LL_Reset
 .text.USBD_LL_SetSpeed
                0x000000000800184e        0x6 .pio/build/genericSTM32F103C8/FrameworkArduino/stm32/usb/usb_device_core.c.o
                0x000000000800184e                USBD_LL_SetSpeed
 .text.USBD_LL_Suspend
                0x0000000008001854       0x12 .pio/build/genericSTM32F103C8/FrameworkArduino/stm32/usb/usb_device_core.c.o
                0x0000000008001854                USBD_LL_Suspend
 .text.USBD_LL_Resume
                0x0000000008001866       0x16 .pio/build/genericSTM32F103C8/FrameworkArduino/stm32/usb/usb_device_core.c.o
                0x0000000008001866                USBD_LL_Resume
 .text.USBD_LL_SOF
                0x000000000800187c       0x1c .pio/build/genericSTM32F103C8/FrameworkArduino/stm32/usb/usb_device_core.c.o
                0x000000000800187c                USBD_LL_SOF
 .text.USBD_GetLen
                0x0000000008001898       0x12 .pio/build/genericSTM32F103C8/FrameworkArduino/stm32/usb/usb_device_ctlreq.c.o
 .text.USBD_SetFeature
                0x00000000080018aa       0x14 .pio/build/genericSTM32F103C8/FrameworkArduino/stm32/usb/usb_device_ctlreq.c.o
 .text.USBD_ParseSetupRequest
                0x00000000080018be       0x28 .pio/build/genericSTM32F103C8/FrameworkArduino/stm32/usb/usb_device_ctlreq.c.o
                0x00000000080018be                USBD_ParseSetupRequest
 .text.USBD_CtlError
                0x00000000080018e6       0x14 .pio/build/genericSTM32F103C8/FrameworkArduino/stm32/usb/usb_device_ctlreq.c.o
                0x00000000080018e6                USBD_CtlError
 .text.USBD_GetDescriptor
                0x00000000080018fa      0x186 .pio/build/genericSTM32F103C8/FrameworkArduino/stm32/usb/usb_device_ctlreq.c.o
 .text.USBD_SetAddress
                0x0000000008001a80       0x4e .pio/build/genericSTM32F103C8/FrameworkArduino/stm32/usb/usb_device_ctlreq.c.o
 *fill*         0x0000000008001ace        0x2 
 .text.USBD_SetConfig
                0x0000000008001ad0       0xb0 .pio/build/genericSTM32F103C8/FrameworkArduino/stm32/usb/usb_device_ctlreq.c.o
 .text.USBD_GetConfig
                0x0000000008001b80       0x3e .pio/build/genericSTM32F103C8/FrameworkArduino/stm32/usb/usb_device_ctlreq.c.o
 .text.USBD_GetStatus
                0x0000000008001bbe       0x38 .pio/build/genericSTM32F103C8/FrameworkArduino/stm32/usb/usb_device_ctlreq.c.o
 .text.USBD_ClrFeature
                0x0000000008001bf6       0x26 .pio/build/genericSTM32F103C8/FrameworkArduino/stm32/usb/usb_device_ctlreq.c.o
 .text.USBD_StdDevReq
                0x0000000008001c1c       0x68 .pio/build/genericSTM32F103C8/FrameworkArduino/stm32/usb/usb_device_ctlreq.c.o
                0x0000000008001c1c                USBD_StdDevReq
 .text.USBD_StdItfReq
                0x0000000008001c84       0x60 .pio/build/genericSTM32F103C8/FrameworkArduino/stm32/usb/usb_device_ctlreq.c.o
                0x0000000008001c84                USBD_StdItfReq
 .text.USBD_StdEPReq
                0x0000000008001ce4      0x1e2 .pio/build/genericSTM32F103C8/FrameworkArduino/stm32/usb/usb_device_ctlreq.c.o
                0x0000000008001ce4                USBD_StdEPReq
 .text.USBD_GetString
                0x0000000008001ec6       0x38 .pio/build/genericSTM32F103C8/FrameworkArduino/stm32/usb/usb_device_ctlreq.c.o
                0x0000000008001ec6                USBD_GetString
 .text.USBD_CtlSendData
                0x0000000008001efe       0x1a .pio/build/genericSTM32F103C8/FrameworkArduino/stm32/usb/usb_device_ioreq.c.o
                0x0000000008001efe                USBD_CtlSendData
 .text.USBD_CtlContinueSendData
                0x0000000008001f18       0x10 .pio/build/genericSTM32F103C8/FrameworkArduino/stm32/usb/usb_device_ioreq.c.o
                0x0000000008001f18                USBD_CtlContinueSendData
 .text.USBD_CtlPrepareRx
                0x0000000008001f28       0x1e .pio/build/genericSTM32F103C8/FrameworkArduino/stm32/usb/usb_device_ioreq.c.o
                0x0000000008001f28                USBD_CtlPrepareRx
 .text.USBD_CtlContinueRx
                0x0000000008001f46       0x10 .pio/build/genericSTM32F103C8/FrameworkArduino/stm32/usb/usb_device_ioreq.c.o
                0x0000000008001f46                USBD_CtlContinueRx
 .text.USBD_CtlSendStatus
                0x0000000008001f56       0x16 .pio/build/genericSTM32F103C8/FrameworkArduino/stm32/usb/usb_device_ioreq.c.o
                0x0000000008001f56                USBD_CtlSendStatus
 .text.USBD_CtlReceiveStatus
                0x0000000008001f6c       0x16 .pio/build/genericSTM32F103C8/FrameworkArduino/stm32/usb/usb_device_ioreq.c.o
                0x0000000008001f6c                USBD_CtlReceiveStatus
 *fill*         0x0000000008001f82        0x2 
 .text.HAL_PCD_MspInit
                0x0000000008001f84       0x98 .pio/build/genericSTM32F103C8/FrameworkArduino/stm32/usb/usbd_conf.c.o
                0x0000000008001f84                HAL_PCD_MspInit
 .text.HAL_PCD_SetupStageCallback
                0x000000000800201c       0x10 .pio/build/genericSTM32F103C8/FrameworkArduino/stm32/usb/usbd_conf.c.o
                0x000000000800201c                HAL_PCD_SetupStageCallback
 .text.HAL_PCD_DataOutStageCallback
                0x000000000800202c       0x18 .pio/build/genericSTM32F103C8/FrameworkArduino/stm32/usb/usbd_conf.c.o
                0x000000000800202c                HAL_PCD_DataOutStageCallback
 .text.HAL_PCD_DataInStageCallback
                0x0000000008002044       0x16 .pio/build/genericSTM32F103C8/FrameworkArduino/stm32/usb/usbd_conf.c.o
                0x0000000008002044                HAL_PCD_DataInStageCallback
 .text.HAL_PCD_SOFCallback
                0x000000000800205a        0xc .pio/build/genericSTM32F103C8/FrameworkArduino/stm32/usb/usbd_conf.c.o
                0x000000000800205a                HAL_PCD_SOFCallback
 .text.HAL_PCD_ResetCallback
                0x0000000008002066       0x18 .pio/build/genericSTM32F103C8/FrameworkArduino/stm32/usb/usbd_conf.c.o
                0x0000000008002066                HAL_PCD_ResetCallback
 *fill*         0x000000000800207e        0x2 
 .text.HAL_PCD_SuspendCallback
                0x0000000008002080       0x20 .pio/build/genericSTM32F103C8/FrameworkArduino/stm32/usb/usbd_conf.c.o
                0x0000000008002080                HAL_PCD_SuspendCallback
 .text.HAL_PCD_ResumeCallback
                0x00000000080020a0       0x28 .pio/build/genericSTM32F103C8/FrameworkArduino/stm32/usb/usbd_conf.c.o
                0x00000000080020a0                HAL_PCD_ResumeCallback
 .text.USB_LP_CAN1_RX0_IRQHandler
                0x00000000080020c8       0x10 .pio/build/genericSTM32F103C8/FrameworkArduino/stm32/usb/usbd_conf.c.o
                0x00000000080020c8                USB_LP_CAN1_RX0_IRQHandler
 .text.USBWakeUp_IRQHandler
                0x00000000080020d8       0x30 .pio/build/genericSTM32F103C8/FrameworkArduino/stm32/usb/usbd_conf.c.o
                0x00000000080020d8                USBWakeUp_IRQHandler
 .text.USBD_LL_Init
                0x0000000008002108       0x74 .pio/build/genericSTM32F103C8/FrameworkArduino/stm32/usb/usbd_conf.c.o
                0x0000000008002108                USBD_LL_Init
 .text.USBD_LL_Start
                0x000000000800217c        0xe .pio/build/genericSTM32F103C8/FrameworkArduino/stm32/usb/usbd_conf.c.o
                0x000000000800217c                USBD_LL_Start
 .text.USBD_LL_OpenEP
                0x000000000800218a       0x14 .pio/build/genericSTM32F103C8/FrameworkArduino/stm32/usb/usbd_conf.c.o
                0x000000000800218a                USBD_LL_OpenEP
 .text.USBD_LL_CloseEP
                0x000000000800219e        0xe .pio/build/genericSTM32F103C8/FrameworkArduino/stm32/usb/usbd_conf.c.o
                0x000000000800219e                USBD_LL_CloseEP
 .text.USBD_LL_StallEP
                0x00000000080021ac        0xe .pio/build/genericSTM32F103C8/FrameworkArduino/stm32/usb/usbd_conf.c.o
                0x00000000080021ac                USBD_LL_StallEP
 .text.USBD_LL_ClearStallEP
                0x00000000080021ba        0xe .pio/build/genericSTM32F103C8/FrameworkArduino/stm32/usb/usbd_conf.c.o
                0x00000000080021ba                USBD_LL_ClearStallEP
 .text.USBD_LL_IsStallEP
                0x00000000080021c8       0x2e .pio/build/genericSTM32F103C8/FrameworkArduino/stm32/usb/usbd_conf.c.o
                0x00000000080021c8                USBD_LL_IsStallEP
 .text.USBD_LL_SetUSBAddress
                0x00000000080021f6        0xe .pio/build/genericSTM32F103C8/FrameworkArduino/stm32/usb/usbd_conf.c.o
                0x00000000080021f6                USBD_LL_SetUSBAddress
 .text.USBD_LL_Transmit
                0x0000000008002204        0xe .pio/build/genericSTM32F103C8/FrameworkArduino/stm32/usb/usbd_conf.c.o
                0x0000000008002204                USBD_LL_Transmit
 .text.USBD_LL_PrepareReceive
                0x0000000008002212        0xe .pio/build/genericSTM32F103C8/FrameworkArduino/stm32/usb/usbd_conf.c.o
                0x0000000008002212                USBD_LL_PrepareReceive
 .text.USBD_LL_GetRxDataSize
                0x0000000008002220        0xc .pio/build/genericSTM32F103C8/FrameworkArduino/stm32/usb/usbd_conf.c.o
                0x0000000008002220                USBD_LL_GetRxDataSize
 .text.USBD_Class_DeviceDescriptor
                0x000000000800222c        0xc .pio/build/genericSTM32F103C8/FrameworkArduino/stm32/usb/usbd_desc.c.o
                0x000000000800222c                USBD_Class_DeviceDescriptor
 .text.USBD_LangIDStrDescriptor
                0x0000000008002238        0xc .pio/build/genericSTM32F103C8/FrameworkArduino/stm32/usb/usbd_desc.c.o
                0x0000000008002238                USBD_LangIDStrDescriptor
 .text.IntToUnicode
                0x0000000008002244       0x38 .pio/build/genericSTM32F103C8/FrameworkArduino/stm32/usb/usbd_desc.c.o
 .text.Get_SerialNum
                0x000000000800227c       0x34 .pio/build/genericSTM32F103C8/FrameworkArduino/stm32/usb/usbd_desc.c.o
 .text.USBD_SerialStrDescriptor
                0x00000000080022b0       0x14 .pio/build/genericSTM32F103C8/FrameworkArduino/stm32/usb/usbd_desc.c.o
                0x00000000080022b0                USBD_SerialStrDescriptor
 .text.USBD_Class_ProductStrDescriptor
                0x00000000080022c4       0x28 .pio/build/genericSTM32F103C8/FrameworkArduino/stm32/usb/usbd_desc.c.o
                0x00000000080022c4                USBD_Class_ProductStrDescriptor
 .text.USBD_ManufacturerStrDescriptor
                0x00000000080022ec       0x1c .pio/build/genericSTM32F103C8/FrameworkArduino/stm32/usb/usbd_desc.c.o
                0x00000000080022ec                USBD_ManufacturerStrDescriptor
 .text.USBD_Class_ConfigStrDescriptor
                0x0000000008002308       0x24 .pio/build/genericSTM32F103C8/FrameworkArduino/stm32/usb/usbd_desc.c.o
                0x0000000008002308                USBD_Class_ConfigStrDescriptor
 .text.USBD_Class_InterfaceStrDescriptor
                0x000000000800232c       0x24 .pio/build/genericSTM32F103C8/FrameworkArduino/stm32/usb/usbd_desc.c.o
                0x000000000800232c                USBD_Class_InterfaceStrDescriptor
 .text.USBD_reenumerate
                0x0000000008002350       0x30 .pio/build/genericSTM32F103C8/FrameworkArduino/stm32/usb/usbd_if.c.o
                0x0000000008002350                USBD_reenumerate
 .text.USBD_CDC_init
                0x0000000008002380        0x8 .pio/build/genericSTM32F103C8/FrameworkArduino/stm32/usb/usbd_if.c.o
                0x0000000008002380                USBD_CDC_init
 .text.pinMode  0x0000000008002388       0xd0 .pio/build/genericSTM32F103C8/FrameworkArduino/wiring_digital.c.o
                0x0000000008002388                pinMode
 .text.digitalWrite
                0x0000000008002458       0x64 .pio/build/genericSTM32F103C8/FrameworkArduino/wiring_digital.c.o
                0x0000000008002458                digitalWrite
 .text.millis   0x00000000080024bc        0x8 .pio/build/genericSTM32F103C8/FrameworkArduino/wiring_time.c.o
                0x00000000080024bc                millis
 .text.micros   0x00000000080024c4        0x8 .pio/build/genericSTM32F103C8/FrameworkArduino/wiring_time.c.o
                0x00000000080024c4                micros
 .text.delay    0x00000000080024cc       0x1e .pio/build/genericSTM32F103C8/FrameworkArduino/wiring_time.c.o
                0x00000000080024cc                delay
 .text.HAL_MspInit
                0x00000000080024ea        0x2 .pio/build/genericSTM32F103C8/SrcWrapper/src/HAL/stm32yyxx_hal.c.o
                0x00000000080024ea                HAL_MspInit
 .text.HAL_InitTick
                0x00000000080024ec       0x4c .pio/build/genericSTM32F103C8/SrcWrapper/src/HAL/stm32yyxx_hal.c.o
                0x00000000080024ec                HAL_InitTick
 .text.HAL_Init
                0x0000000008002538       0x24 .pio/build/genericSTM32F103C8/SrcWrapper/src/HAL/stm32yyxx_hal.c.o
                0x0000000008002538                HAL_Init
 .text.HAL_IncTick
                0x000000000800255c       0x18 .pio/build/genericSTM32F103C8/SrcWrapper/src/HAL/stm32yyxx_hal.c.o
                0x000000000800255c                HAL_IncTick
 .text.HAL_GetTick
                0x0000000008002574        0xc .pio/build/genericSTM32F103C8/SrcWrapper/src/HAL/stm32yyxx_hal.c.o
                0x0000000008002574                HAL_GetTick
 .text.HAL_NVIC_SetPriorityGrouping
                0x0000000008002580       0x24 .pio/build/genericSTM32F103C8/SrcWrapper/src/HAL/stm32yyxx_hal_cortex.c.o
                0x0000000008002580                HAL_NVIC_SetPriorityGrouping
 .text.HAL_NVIC_SetPriority
                0x00000000080025a4       0x68 .pio/build/genericSTM32F103C8/SrcWrapper/src/HAL/stm32yyxx_hal_cortex.c.o
                0x00000000080025a4                HAL_NVIC_SetPriority
 .text.HAL_NVIC_EnableIRQ
                0x000000000800260c       0x1c .pio/build/genericSTM32F103C8/SrcWrapper/src/HAL/stm32yyxx_hal_cortex.c.o
                0x000000000800260c                HAL_NVIC_EnableIRQ
 .text.HAL_NVIC_DisableIRQ
                0x0000000008002628       0x24 .pio/build/genericSTM32F103C8/SrcWrapper/src/HAL/stm32yyxx_hal_cortex.c.o
                0x0000000008002628                HAL_NVIC_DisableIRQ
 .text.HAL_SYSTICK_Config
                0x000000000800264c       0x2c .pio/build/genericSTM32F103C8/SrcWrapper/src/HAL/stm32yyxx_hal_cortex.c.o
                0x000000000800264c                HAL_SYSTICK_Config
 .text.HAL_NVIC_ClearPendingIRQ
                0x0000000008002678       0x1c .pio/build/genericSTM32F103C8/SrcWrapper/src/HAL/stm32yyxx_hal_cortex.c.o
                0x0000000008002678                HAL_NVIC_ClearPendingIRQ
 .text.HAL_SYSTICK_Callback
                0x0000000008002694        0x2 .pio/build/genericSTM32F103C8/SrcWrapper/src/HAL/stm32yyxx_hal_cortex.c.o
                0x0000000008002694                HAL_SYSTICK_Callback
 .text.HAL_SYSTICK_IRQHandler
                0x0000000008002696        0x8 .pio/build/genericSTM32F103C8/SrcWrapper/src/HAL/stm32yyxx_hal_cortex.c.o
                0x0000000008002696                HAL_SYSTICK_IRQHandler
 *fill*         0x000000000800269e        0x2 
 .text.HAL_DMA_Abort_IT
                0x00000000080026a0       0x98 .pio/build/genericSTM32F103C8/SrcWrapper/src/HAL/stm32yyxx_hal_dma.c.o
                0x00000000080026a0                HAL_DMA_Abort_IT
 .text.HAL_GPIO_EXTI_IRQHandler
                0x0000000008002738       0x1c .pio/build/genericSTM32F103C8/SrcWrapper/src/HAL/stm32yyxx_hal_gpio.c.o
                0x0000000008002738                HAL_GPIO_EXTI_IRQHandler
 .text.HAL_PCD_Init
                0x0000000008002754       0xe8 .pio/build/genericSTM32F103C8/SrcWrapper/src/HAL/stm32yyxx_hal_pcd.c.o
                0x0000000008002754                HAL_PCD_Init
 .text.HAL_PCD_Start
                0x000000000800283c       0x2e .pio/build/genericSTM32F103C8/SrcWrapper/src/HAL/stm32yyxx_hal_pcd.c.o
                0x000000000800283c                HAL_PCD_Start
 .text.HAL_PCD_EP_ReceiveData
                0x000000000800286a      0x17c .pio/build/genericSTM32F103C8/SrcWrapper/src/HAL/stm32yyxx_hal_pcd.c.o
 .text.HAL_PCD_SetAddress
                0x00000000080029e6       0x28 .pio/build/genericSTM32F103C8/SrcWrapper/src/HAL/stm32yyxx_hal_pcd.c.o
                0x00000000080029e6                HAL_PCD_SetAddress
 .text.HAL_PCD_EP_Open
                0x0000000008002a0e       0x4e .pio/build/genericSTM32F103C8/SrcWrapper/src/HAL/stm32yyxx_hal_pcd.c.o
                0x0000000008002a0e                HAL_PCD_EP_Open
 .text.HAL_PCD_EP_Close
                0x0000000008002a5c       0x4a .pio/build/genericSTM32F103C8/SrcWrapper/src/HAL/stm32yyxx_hal_pcd.c.o
                0x0000000008002a5c                HAL_PCD_EP_Close
 .text.HAL_PCD_EP_Receive
                0x0000000008002aa6       0x3a .pio/build/genericSTM32F103C8/SrcWrapper/src/HAL/stm32yyxx_hal_pcd.c.o
                0x0000000008002aa6                HAL_PCD_EP_Receive
 .text.HAL_PCD_EP_GetRxCount
                0x0000000008002ae0       0x12 .pio/build/genericSTM32F103C8/SrcWrapper/src/HAL/stm32yyxx_hal_pcd.c.o
                0x0000000008002ae0                HAL_PCD_EP_GetRxCount
 .text.HAL_PCD_EP_Transmit
                0x0000000008002af2       0x34 .pio/build/genericSTM32F103C8/SrcWrapper/src/HAL/stm32yyxx_hal_pcd.c.o
                0x0000000008002af2                HAL_PCD_EP_Transmit
 .text.PCD_EP_ISR_Handler
                0x0000000008002b26      0x55c .pio/build/genericSTM32F103C8/SrcWrapper/src/HAL/stm32yyxx_hal_pcd.c.o
 .text.HAL_PCD_IRQHandler
                0x0000000008003082      0x164 .pio/build/genericSTM32F103C8/SrcWrapper/src/HAL/stm32yyxx_hal_pcd.c.o
                0x0000000008003082                HAL_PCD_IRQHandler
 .text.HAL_PCD_EP_SetStall
                0x00000000080031e6       0x60 .pio/build/genericSTM32F103C8/SrcWrapper/src/HAL/stm32yyxx_hal_pcd.c.o
                0x00000000080031e6                HAL_PCD_EP_SetStall
 .text.HAL_PCD_EP_ClrStall
                0x0000000008003246       0x4a .pio/build/genericSTM32F103C8/SrcWrapper/src/HAL/stm32yyxx_hal_pcd.c.o
                0x0000000008003246                HAL_PCD_EP_ClrStall
 .text.HAL_PCDEx_PMAConfig
                0x0000000008003290       0x38 .pio/build/genericSTM32F103C8/SrcWrapper/src/HAL/stm32yyxx_hal_pcd_ex.c.o
                0x0000000008003290                HAL_PCDEx_PMAConfig
 .text.HAL_PCDEx_SetConnectionState
                0x00000000080032c8        0x2 .pio/build/genericSTM32F103C8/SrcWrapper/src/HAL/stm32yyxx_hal_pcd_ex.c.o
                0x00000000080032c8                HAL_PCDEx_SetConnectionState
 *fill*         0x00000000080032ca        0x2 
 .text.RCC_Delay
                0x00000000080032cc       0x2c .pio/build/genericSTM32F103C8/SrcWrapper/src/HAL/stm32yyxx_hal_rcc.c.o
 .text.HAL_RCC_OscConfig
                0x00000000080032f8      0x410 .pio/build/genericSTM32F103C8/SrcWrapper/src/HAL/stm32yyxx_hal_rcc.c.o
                0x00000000080032f8                HAL_RCC_OscConfig
 .text.HAL_RCC_GetSysClockFreq
                0x0000000008003708       0x6c .pio/build/genericSTM32F103C8/SrcWrapper/src/HAL/stm32yyxx_hal_rcc.c.o
                0x0000000008003708                HAL_RCC_GetSysClockFreq
 .text.HAL_RCC_ClockConfig
                0x0000000008003774      0x16c .pio/build/genericSTM32F103C8/SrcWrapper/src/HAL/stm32yyxx_hal_rcc.c.o
                0x0000000008003774                HAL_RCC_ClockConfig
 .text.HAL_RCC_GetHCLKFreq
                0x00000000080038e0        0xc .pio/build/genericSTM32F103C8/SrcWrapper/src/HAL/stm32yyxx_hal_rcc.c.o
                0x00000000080038e0                HAL_RCC_GetHCLKFreq
 .text.HAL_RCC_GetPCLK1Freq
                0x00000000080038ec       0x20 .pio/build/genericSTM32F103C8/SrcWrapper/src/HAL/stm32yyxx_hal_rcc.c.o
                0x00000000080038ec                HAL_RCC_GetPCLK1Freq
 .text.HAL_RCC_GetPCLK2Freq
                0x000000000800390c       0x20 .pio/build/genericSTM32F103C8/SrcWrapper/src/HAL/stm32yyxx_hal_rcc.c.o
                0x000000000800390c                HAL_RCC_GetPCLK2Freq
 .text.HAL_RCCEx_PeriphCLKConfig
                0x000000000800392c      0x114 .pio/build/genericSTM32F103C8/SrcWrapper/src/HAL/stm32yyxx_hal_rcc_ex.c.o
                0x000000000800392c                HAL_RCCEx_PeriphCLKConfig
 .text.HAL_RTC_AlarmIRQHandler
                0x0000000008003a40       0x38 .pio/build/genericSTM32F103C8/SrcWrapper/src/HAL/stm32yyxx_hal_rtc.c.o
                0x0000000008003a40                HAL_RTC_AlarmIRQHandler
 .text.HAL_TIM_PWM_PulseFinishedCallback
                0x0000000008003a78        0x2 .pio/build/genericSTM32F103C8/SrcWrapper/src/HAL/stm32yyxx_hal_tim.c.o
                0x0000000008003a78                HAL_TIM_PWM_PulseFinishedCallback
 .text.HAL_TIM_TriggerCallback
                0x0000000008003a7a        0x2 .pio/build/genericSTM32F103C8/SrcWrapper/src/HAL/stm32yyxx_hal_tim.c.o
                0x0000000008003a7a                HAL_TIM_TriggerCallback
 .text.HAL_TIM_IRQHandler
                0x0000000008003a7c      0x17a .pio/build/genericSTM32F103C8/SrcWrapper/src/HAL/stm32yyxx_hal_tim.c.o
                0x0000000008003a7c                HAL_TIM_IRQHandler
 *fill*         0x0000000008003bf6        0x2 
 .text.TIM_Base_SetConfig
                0x0000000008003bf8       0x74 .pio/build/genericSTM32F103C8/SrcWrapper/src/HAL/stm32yyxx_hal_tim.c.o
                0x0000000008003bf8                TIM_Base_SetConfig
 .text.HAL_TIM_Base_Init
                0x0000000008003c6c       0x34 .pio/build/genericSTM32F103C8/SrcWrapper/src/HAL/stm32yyxx_hal_tim.c.o
                0x0000000008003c6c                HAL_TIM_Base_Init
 .text.HAL_TIMEx_CommutCallback
                0x0000000008003ca0        0x2 .pio/build/genericSTM32F103C8/SrcWrapper/src/HAL/stm32yyxx_hal_tim_ex.c.o
                0x0000000008003ca0                HAL_TIMEx_CommutCallback
 .text.HAL_TIMEx_BreakCallback
                0x0000000008003ca2        0x2 .pio/build/genericSTM32F103C8/SrcWrapper/src/HAL/stm32yyxx_hal_tim_ex.c.o
                0x0000000008003ca2                HAL_TIMEx_BreakCallback
 .text.UART_EndRxTransfer
                0x0000000008003ca4       0x1c .pio/build/genericSTM32F103C8/SrcWrapper/src/HAL/stm32yyxx_hal_uart.c.o
 .text.UART_Transmit_IT
                0x0000000008003cc0       0x66 .pio/build/genericSTM32F103C8/SrcWrapper/src/HAL/stm32yyxx_hal_uart.c.o
 *fill*         0x0000000008003d26        0x2 
 .text.UART_SetConfig
                0x0000000008003d28       0xcc .pio/build/genericSTM32F103C8/SrcWrapper/src/HAL/stm32yyxx_hal_uart.c.o
 .text.HAL_UART_MspInit
                0x0000000008003df4        0x2 .pio/build/genericSTM32F103C8/SrcWrapper/src/HAL/stm32yyxx_hal_uart.c.o
                0x0000000008003df4                HAL_UART_MspInit
 .text.HAL_UART_Init
                0x0000000008003df6       0x5e .pio/build/genericSTM32F103C8/SrcWrapper/src/HAL/stm32yyxx_hal_uart.c.o
                0x0000000008003df6                HAL_UART_Init
 .text.HAL_HalfDuplex_Init
                0x0000000008003e54       0x6a .pio/build/genericSTM32F103C8/SrcWrapper/src/HAL/stm32yyxx_hal_uart.c.o
                0x0000000008003e54                HAL_HalfDuplex_Init
 .text.HAL_UART_Transmit_IT
                0x0000000008003ebe       0x48 .pio/build/genericSTM32F103C8/SrcWrapper/src/HAL/stm32yyxx_hal_uart.c.o
                0x0000000008003ebe                HAL_UART_Transmit_IT
 .text.HAL_UART_Receive_IT
                0x0000000008003f06       0x5c .pio/build/genericSTM32F103C8/SrcWrapper/src/HAL/stm32yyxx_hal_uart.c.o
                0x0000000008003f06                HAL_UART_Receive_IT
 .text.UART_EndTransmit_IT
                0x0000000008003f62       0x1a .pio/build/genericSTM32F103C8/SrcWrapper/src/HAL/stm32yyxx_hal_uart.c.o
 .text.UART_Receive_IT
                0x0000000008003f7c       0x9e .pio/build/genericSTM32F103C8/SrcWrapper/src/HAL/stm32yyxx_hal_uart.c.o
 *fill*         0x000000000800401a        0x2 
 .text.HAL_UART_IRQHandler
                0x000000000800401c      0x120 .pio/build/genericSTM32F103C8/SrcWrapper/src/HAL/stm32yyxx_hal_uart.c.o
                0x000000000800401c                HAL_UART_IRQHandler
 .text.UART_DMAAbortOnError
                0x000000000800413c       0x10 .pio/build/genericSTM32F103C8/SrcWrapper/src/HAL/stm32yyxx_hal_uart.c.o
 .text.HAL_HalfDuplex_EnableTransmitter
                0x000000000800414c       0x36 .pio/build/genericSTM32F103C8/SrcWrapper/src/HAL/stm32yyxx_hal_uart.c.o
                0x000000000800414c                HAL_HalfDuplex_EnableTransmitter
 .text.HAL_HalfDuplex_EnableReceiver
                0x0000000008004182       0x36 .pio/build/genericSTM32F103C8/SrcWrapper/src/HAL/stm32yyxx_hal_uart.c.o
                0x0000000008004182                HAL_HalfDuplex_EnableReceiver
 .text.HAL_UART_GetState
                0x00000000080041b8        0xc .pio/build/genericSTM32F103C8/SrcWrapper/src/HAL/stm32yyxx_hal_uart.c.o
                0x00000000080041b8                HAL_UART_GetState
 .text.USB_CoreInit
                0x00000000080041c4        0xe .pio/build/genericSTM32F103C8/SrcWrapper/src/LL/stm32yyxx_ll_usb.c.o
                0x00000000080041c4                USB_CoreInit
 .text.USB_EnableGlobalInt
                0x00000000080041d2       0x12 .pio/build/genericSTM32F103C8/SrcWrapper/src/LL/stm32yyxx_ll_usb.c.o
                0x00000000080041d2                USB_EnableGlobalInt
 .text.USB_DisableGlobalInt
                0x00000000080041e4       0x14 .pio/build/genericSTM32F103C8/SrcWrapper/src/LL/stm32yyxx_ll_usb.c.o
                0x00000000080041e4                USB_DisableGlobalInt
 .text.USB_SetCurrentMode
                0x00000000080041f8        0x4 .pio/build/genericSTM32F103C8/SrcWrapper/src/LL/stm32yyxx_ll_usb.c.o
                0x00000000080041f8                USB_SetCurrentMode
 .text.USB_DevInit
                0x00000000080041fc       0x2c .pio/build/genericSTM32F103C8/SrcWrapper/src/LL/stm32yyxx_ll_usb.c.o
                0x00000000080041fc                USB_DevInit
 .text.USB_ActivateEndpoint
                0x0000000008004228      0x3c4 .pio/build/genericSTM32F103C8/SrcWrapper/src/LL/stm32yyxx_ll_usb.c.o
                0x0000000008004228                USB_ActivateEndpoint
 .text.USB_DeactivateEndpoint
                0x00000000080045ec      0x1c6 .pio/build/genericSTM32F103C8/SrcWrapper/src/LL/stm32yyxx_ll_usb.c.o
                0x00000000080045ec                USB_DeactivateEndpoint
 .text.USB_EPSetStall
                0x00000000080047b2       0x6e .pio/build/genericSTM32F103C8/SrcWrapper/src/LL/stm32yyxx_ll_usb.c.o
                0x00000000080047b2                USB_EPSetStall
 .text.USB_EPClearStall
                0x0000000008004820       0x92 .pio/build/genericSTM32F103C8/SrcWrapper/src/LL/stm32yyxx_ll_usb.c.o
                0x0000000008004820                USB_EPClearStall
 .text.USB_SetDevAddress
                0x00000000080048b2        0xc .pio/build/genericSTM32F103C8/SrcWrapper/src/LL/stm32yyxx_ll_usb.c.o
                0x00000000080048b2                USB_SetDevAddress
 .text.USB_DevConnect
                0x00000000080048be        0x4 .pio/build/genericSTM32F103C8/SrcWrapper/src/LL/stm32yyxx_ll_usb.c.o
                0x00000000080048be                USB_DevConnect
 .text.USB_DevDisconnect
                0x00000000080048c2        0x4 .pio/build/genericSTM32F103C8/SrcWrapper/src/LL/stm32yyxx_ll_usb.c.o
                0x00000000080048c2                USB_DevDisconnect
 .text.USB_ReadInterrupts
                0x00000000080048c6        0x8 .pio/build/genericSTM32F103C8/SrcWrapper/src/LL/stm32yyxx_ll_usb.c.o
                0x00000000080048c6                USB_ReadInterrupts
 .text.USB_EP0_OutStart
                0x00000000080048ce        0x4 .pio/build/genericSTM32F103C8/SrcWrapper/src/LL/stm32yyxx_ll_usb.c.o
                0x00000000080048ce                USB_EP0_OutStart
 .text.USB_WritePMA
                0x00000000080048d2       0x26 .pio/build/genericSTM32F103C8/SrcWrapper/src/LL/stm32yyxx_ll_usb.c.o
                0x00000000080048d2                USB_WritePMA
 .text.USB_EPStartXfer
                0x00000000080048f8      0x1a8 .pio/build/genericSTM32F103C8/SrcWrapper/src/LL/stm32yyxx_ll_usb.c.o
                0x00000000080048f8                USB_EPStartXfer
 .text.USB_ReadPMA
                0x0000000008004aa0       0x1c .pio/build/genericSTM32F103C8/SrcWrapper/src/LL/stm32yyxx_ll_usb.c.o
                0x0000000008004aa0                USB_ReadPMA
 .text.set_GPIO_Port_Clock
                0x0000000008004abc       0xa8 .pio/build/genericSTM32F103C8/SrcWrapper/src/stm32/PortNames.c.o
                0x0000000008004abc                set_GPIO_Port_Clock
 .text.pwm_stop
                0x0000000008004b64       0x5c .pio/build/genericSTM32F103C8/SrcWrapper/src/stm32/analog.cpp.o
                0x0000000008004b64                pwm_stop
 .text.getCurrentMicros
                0x0000000008004bc0       0x44 .pio/build/genericSTM32F103C8/SrcWrapper/src/stm32/clock.c.o
                0x0000000008004bc0                getCurrentMicros
 .text.getCurrentMillis
                0x0000000008004c04        0x8 .pio/build/genericSTM32F103C8/SrcWrapper/src/stm32/clock.c.o
                0x0000000008004c04                getCurrentMillis
 .text.noOsSystickHandler
                0x0000000008004c0c        0x2 .pio/build/genericSTM32F103C8/SrcWrapper/src/stm32/clock.c.o
                0x0000000008004c0c                osSystickHandler
                0x0000000008004c0c                noOsSystickHandler
 .text.SysTick_Handler
                0x0000000008004c0e       0x10 .pio/build/genericSTM32F103C8/SrcWrapper/src/stm32/clock.c.o
                0x0000000008004c0e                SysTick_Handler
 *fill*         0x0000000008004c1e        0x2 
 .text.dwt_init
                0x0000000008004c20       0x3c .pio/build/genericSTM32F103C8/SrcWrapper/src/stm32/dwt.c.o
                0x0000000008004c20                dwt_init
 .text.hw_config_init
                0x0000000008004c5c       0x14 .pio/build/genericSTM32F103C8/SrcWrapper/src/stm32/hw_config.c.o
                0x0000000008004c5c                hw_config_init
 .text._ZL10get_pin_idt
                0x0000000008004c70       0x12 .pio/build/genericSTM32F103C8/SrcWrapper/src/stm32/interrupt.cpp.o
 *fill*         0x0000000008004c82        0x2 
 .text._Z41__static_initialization_and_destruction_0ii
                0x0000000008004c84       0xc0 .pio/build/genericSTM32F103C8/SrcWrapper/src/stm32/interrupt.cpp.o
 .text.EXTI0_IRQHandler
                0x0000000008004d44        0xa .pio/build/genericSTM32F103C8/SrcWrapper/src/stm32/interrupt.cpp.o
                0x0000000008004d44                EXTI0_IRQHandler
 .text.EXTI1_IRQHandler
                0x0000000008004d4e        0xa .pio/build/genericSTM32F103C8/SrcWrapper/src/stm32/interrupt.cpp.o
                0x0000000008004d4e                EXTI1_IRQHandler
 .text.EXTI2_IRQHandler
                0x0000000008004d58        0xa .pio/build/genericSTM32F103C8/SrcWrapper/src/stm32/interrupt.cpp.o
                0x0000000008004d58                EXTI2_IRQHandler
 .text.EXTI3_IRQHandler
                0x0000000008004d62        0xa .pio/build/genericSTM32F103C8/SrcWrapper/src/stm32/interrupt.cpp.o
                0x0000000008004d62                EXTI3_IRQHandler
 .text.EXTI4_IRQHandler
                0x0000000008004d6c        0xa .pio/build/genericSTM32F103C8/SrcWrapper/src/stm32/interrupt.cpp.o
                0x0000000008004d6c                EXTI4_IRQHandler
 .text.EXTI9_5_IRQHandler
                0x0000000008004d76       0x16 .pio/build/genericSTM32F103C8/SrcWrapper/src/stm32/interrupt.cpp.o
                0x0000000008004d76                EXTI9_5_IRQHandler
 .text.EXTI15_10_IRQHandler
                0x0000000008004d8c       0x18 .pio/build/genericSTM32F103C8/SrcWrapper/src/stm32/interrupt.cpp.o
                0x0000000008004d8c                EXTI15_10_IRQHandler
 .text.HAL_GPIO_EXTI_Callback
                0x0000000008004da4       0x20 .pio/build/genericSTM32F103C8/SrcWrapper/src/stm32/interrupt.cpp.o
                0x0000000008004da4                HAL_GPIO_EXTI_Callback
 .text._GLOBAL__sub_I__Z22stm32_interrupt_enableP12GPIO_TypeDeftSt8functionIFvvEEm
                0x0000000008004dc4        0xe .pio/build/genericSTM32F103C8/SrcWrapper/src/stm32/interrupt.cpp.o
 .text._GLOBAL__sub_D__Z22stm32_interrupt_enableP12GPIO_TypeDeftSt8functionIFvvEEm
                0x0000000008004dd2        0xe .pio/build/genericSTM32F103C8/SrcWrapper/src/stm32/interrupt.cpp.o
 .text.pin_in_pinmap
                0x0000000008004de0       0x24 .pio/build/genericSTM32F103C8/SrcWrapper/src/stm32/pinmap.c.o
                0x0000000008004de0                pin_in_pinmap
 .text.pin_function
                0x0000000008004e04      0x79c .pio/build/genericSTM32F103C8/SrcWrapper/src/stm32/pinmap.c.o
                0x0000000008004e04                pin_function
 .text.pinmap_pinout
                0x00000000080055a0       0x34 .pio/build/genericSTM32F103C8/SrcWrapper/src/stm32/pinmap.c.o
                0x00000000080055a0                pinmap_pinout
 .text.pinmap_find_peripheral
                0x00000000080055d4       0x1a .pio/build/genericSTM32F103C8/SrcWrapper/src/stm32/pinmap.c.o
                0x00000000080055d4                pinmap_find_peripheral
 .text.pinmap_peripheral
                0x00000000080055ee       0x12 .pio/build/genericSTM32F103C8/SrcWrapper/src/stm32/pinmap.c.o
                0x00000000080055ee                pinmap_peripheral
 .text.pinmap_find_pin
                0x0000000008005600       0x18 .pio/build/genericSTM32F103C8/SrcWrapper/src/stm32/pinmap.c.o
                0x0000000008005600                pinmap_find_pin
 .text.pinmap_pin
                0x0000000008005618       0x10 .pio/build/genericSTM32F103C8/SrcWrapper/src/stm32/pinmap.c.o
                0x0000000008005618                pinmap_pin
 .text.pinmap_merge_peripheral
                0x0000000008005628       0x10 .pio/build/genericSTM32F103C8/SrcWrapper/src/stm32/pinmap.c.o
                0x0000000008005628                pinmap_merge_peripheral
 .text.HAL_RTC_AlarmAEventCallback
                0x0000000008005638       0x18 .pio/build/genericSTM32F103C8/SrcWrapper/src/stm32/rtc.c.o
                0x0000000008005638                HAL_RTC_AlarmAEventCallback
 .text.RTC_Alarm_IRQHandler
                0x0000000008005650       0x10 .pio/build/genericSTM32F103C8/SrcWrapper/src/stm32/rtc.c.o
                0x0000000008005650                RTC_Alarm_IRQHandler
 .text._Error_Handler
                0x0000000008005660        0x2 .pio/build/genericSTM32F103C8/SrcWrapper/src/stm32/stm32_def.c.o
                0x0000000008005660                _Error_Handler
 *fill*         0x0000000008005662        0x2 
 .text.SystemInit
                0x0000000008005664       0x4c .pio/build/genericSTM32F103C8/SrcWrapper/src/stm32/system_stm32yyxx.c.o
                0x0000000008005664                SystemInit
 .text.get_timer_obj
                0x00000000080056b0        0x4 .pio/build/genericSTM32F103C8/SrcWrapper/src/stm32/timer.c.o
                0x00000000080056b0                get_timer_obj
 .text.enableTimerClock
                0x00000000080056b4       0x94 .pio/build/genericSTM32F103C8/SrcWrapper/src/stm32/timer.c.o
                0x00000000080056b4                enableTimerClock
 .text.disableTimerClock
                0x0000000008005748       0x64 .pio/build/genericSTM32F103C8/SrcWrapper/src/stm32/timer.c.o
                0x0000000008005748                disableTimerClock
 .text.getTimerUpIrq
                0x00000000080057ac       0x54 .pio/build/genericSTM32F103C8/SrcWrapper/src/stm32/timer.c.o
                0x00000000080057ac                getTimerUpIrq
 .text.getTimerCCIrq
                0x0000000008005800       0x54 .pio/build/genericSTM32F103C8/SrcWrapper/src/stm32/timer.c.o
                0x0000000008005800                getTimerCCIrq
 .text.HAL_TIM_Base_MspInit
                0x0000000008005854       0x56 .pio/build/genericSTM32F103C8/SrcWrapper/src/stm32/timer.c.o
                0x0000000008005854                HAL_TIM_Base_MspInit
 .text.get_serial_obj
                0x00000000080058aa        0x4 .pio/build/genericSTM32F103C8/SrcWrapper/src/stm32/uart.c.o
                0x00000000080058aa                get_serial_obj
 *fill*         0x00000000080058ae        0x2 
 .text.uart_init
                0x00000000080058b0      0x16c .pio/build/genericSTM32F103C8/SrcWrapper/src/stm32/uart.c.o
                0x00000000080058b0                uart_init
 .text.serial_rx_active
                0x0000000008005a1c       0x24 .pio/build/genericSTM32F103C8/SrcWrapper/src/stm32/uart.c.o
                0x0000000008005a1c                serial_rx_active
 .text.serial_tx_active
                0x0000000008005a40       0x24 .pio/build/genericSTM32F103C8/SrcWrapper/src/stm32/uart.c.o
                0x0000000008005a40                serial_tx_active
 .text.uart_getc
                0x0000000008005a64       0x3c .pio/build/genericSTM32F103C8/SrcWrapper/src/stm32/uart.c.o
                0x0000000008005a64                uart_getc
 .text.uart_attach_rx_callback
                0x0000000008005aa0       0x4c .pio/build/genericSTM32F103C8/SrcWrapper/src/stm32/uart.c.o
                0x0000000008005aa0                uart_attach_rx_callback
 .text.uart_attach_tx_callback
                0x0000000008005aec       0x48 .pio/build/genericSTM32F103C8/SrcWrapper/src/stm32/uart.c.o
                0x0000000008005aec                uart_attach_tx_callback
 .text.uart_enable_tx
                0x0000000008005b34       0x28 .pio/build/genericSTM32F103C8/SrcWrapper/src/stm32/uart.c.o
                0x0000000008005b34                uart_enable_tx
 .text.uart_enable_rx
                0x0000000008005b5c       0x28 .pio/build/genericSTM32F103C8/SrcWrapper/src/stm32/uart.c.o
                0x0000000008005b5c                uart_enable_rx
 .text.HAL_UART_RxCpltCallback
                0x0000000008005b84        0xe .pio/build/genericSTM32F103C8/SrcWrapper/src/stm32/uart.c.o
                0x0000000008005b84                HAL_UART_RxCpltCallback
 .text.HAL_UART_TxCpltCallback
                0x0000000008005b92       0x2c .pio/build/genericSTM32F103C8/SrcWrapper/src/stm32/uart.c.o
                0x0000000008005b92                HAL_UART_TxCpltCallback
 .text.HAL_UART_ErrorCallback
                0x0000000008005bbe       0x88 .pio/build/genericSTM32F103C8/SrcWrapper/src/stm32/uart.c.o
                0x0000000008005bbe                HAL_UART_ErrorCallback
 *fill*         0x0000000008005c46        0x2 
 .text.USART1_IRQHandler
                0x0000000008005c48       0x18 .pio/build/genericSTM32F103C8/SrcWrapper/src/stm32/uart.c.o
                0x0000000008005c48                USART1_IRQHandler
 .text.USART2_IRQHandler
                0x0000000008005c60       0x18 .pio/build/genericSTM32F103C8/SrcWrapper/src/stm32/uart.c.o
                0x0000000008005c60                USART2_IRQHandler
 .text.USART3_IRQHandler
                0x0000000008005c78       0x18 .pio/build/genericSTM32F103C8/SrcWrapper/src/stm32/uart.c.o
                0x0000000008005c78                USART3_IRQHandler
 .text._sbrk    0x0000000008005c90       0x48 .pio/build/genericSTM32F103C8/SrcWrapper/src/syscalls.c.o
                0x0000000008005c90                _sbrk
 .text._exit    0x0000000008005cd8        0x2 .pio/build/genericSTM32F103C8/SrcWrapper/src/syscalls.c.o
                0x0000000008005cd8                _exit
 *fill*         0x0000000008005cda        0x2 
 .text._kill    0x0000000008005cdc       0x10 .pio/build/genericSTM32F103C8/SrcWrapper/src/syscalls.c.o
                0x0000000008005cdc                _kill
 .text._getpid  0x0000000008005cec        0x4 .pio/build/genericSTM32F103C8/SrcWrapper/src/syscalls.c.o
                0x0000000008005cec                _getpid
 .text._ZN18IndexPnPFeederAppl11getFeederIdERA12_h
                0x0000000008005cf0       0x30 .pio/build/genericSTM32F103C8/src/IndexPnPFeederAppl.cpp.o
                0x0000000008005cf0                IndexPnPFeederAppl::getFeederId(unsigned char (&) [12])
 .text._ZN18IndexPnPFeederAppl16initializeFeederERA12_h
                0x0000000008005d20        0x4 .pio/build/genericSTM32F103C8/src/IndexPnPFeederAppl.cpp.o
                0x0000000008005d20                IndexPnPFeederAppl::initializeFeeder(unsigned char (&) [12])
 .text._ZN18IndexPnPFeederAppl16getFeederVersionERA4_h
                0x0000000008005d24        0xe .pio/build/genericSTM32F103C8/src/IndexPnPFeederAppl.cpp.o
                0x0000000008005d24                IndexPnPFeederAppl::getFeederVersion(unsigned char (&) [4])
 .text._ZN18IndexPnPFeederAppl17moveFeederForwardEh
                0x0000000008005d32        0x4 .pio/build/genericSTM32F103C8/src/IndexPnPFeederAppl.cpp.o
                0x0000000008005d32                IndexPnPFeederAppl::moveFeederForward(unsigned char)
 .text._ZN18IndexPnPFeederAppl18moveFeederBackwardEh
                0x0000000008005d36        0x4 .pio/build/genericSTM32F103C8/src/IndexPnPFeederAppl.cpp.o
                0x0000000008005d36                IndexPnPFeederAppl::moveFeederBackward(unsigned char)
 .text._ZN18IndexPnPFeederAppl16getFeederAddressERA12_h
                0x0000000008005d3a        0x4 .pio/build/genericSTM32F103C8/src/IndexPnPFeederAppl.cpp.o
                0x0000000008005d3a                IndexPnPFeederAppl::getFeederAddress(unsigned char (&) [12])
 *fill*         0x0000000008005d3e        0x2 
 .text._Z12uart1_tx_cbkP8serial_s
                0x0000000008005d40       0x10 .pio/build/genericSTM32F103C8/src/main.cpp.o
                0x0000000008005d40                uart1_tx_cbk(serial_s*)
 .text._Z12uart1_rx_cbkP8serial_s
                0x0000000008005d50       0x10 .pio/build/genericSTM32F103C8/src/main.cpp.o
                0x0000000008005d50                uart1_rx_cbk(serial_s*)
 .text._Z41__static_initialization_and_destruction_0ii
                0x0000000008005d60       0x48 .pio/build/genericSTM32F103C8/src/main.cpp.o
 .text._GLOBAL__sub_I_IndexPnpUart_0
                0x0000000008005da8        0xe .pio/build/genericSTM32F103C8/src/main.cpp.o
 *fill*         0x0000000008005db6        0x2 
 .text.setup    0x0000000008005db8       0x64 .pio/build/genericSTM32F103C8/src/main.cpp.o
                0x0000000008005db8                setup
 .text.loop     0x0000000008005e1c       0x40 .pio/build/genericSTM32F103C8/src/main.cpp.o
                0x0000000008005e1c                loop
 .text._ZN14HAL_uart_Stm3216setDirectionToTxEv
                0x0000000008005e5c       0x58 .pio/build/genericSTM32F103C8/liba53/libIndexPnpBusDriver.a(HAL_uart_Stm32.cpp.o)
                0x0000000008005e5c                HAL_uart_Stm32::setDirectionToTx()
 .text._ZN14HAL_uart_Stm3216setDirectionToRxEv
                0x0000000008005eb4       0x58 .pio/build/genericSTM32F103C8/liba53/libIndexPnpBusDriver.a(HAL_uart_Stm32.cpp.o)
                0x0000000008005eb4                HAL_uart_Stm32::setDirectionToRx()
 .text._ZN14HAL_uart_Stm3217enableTxInterruptEv
                0x0000000008005f0c        0x2 .pio/build/genericSTM32F103C8/liba53/libIndexPnpBusDriver.a(HAL_uart_Stm32.cpp.o)
                0x0000000008005f0c                HAL_uart_Stm32::enableTxInterrupt()
 .text._ZN14HAL_uart_Stm3218disableTxInterruptEv
                0x0000000008005f0e        0x2 .pio/build/genericSTM32F103C8/liba53/libIndexPnpBusDriver.a(HAL_uart_Stm32.cpp.o)
                0x0000000008005f0e                HAL_uart_Stm32::disableTxInterrupt()
 .text._ZN14HAL_uart_Stm3211getBaudrateEv
                0x0000000008005f10        0x6 .pio/build/genericSTM32F103C8/liba53/libIndexPnpBusDriver.a(HAL_uart_Stm32.cpp.o)
                0x0000000008005f10                HAL_uart_Stm32::getBaudrate()
 .text._ZN14HAL_uart_Stm329writeByteEh
                0x0000000008005f16       0x4a .pio/build/genericSTM32F103C8/liba53/libIndexPnpBusDriver.a(HAL_uart_Stm32.cpp.o)
                0x0000000008005f16                HAL_uart_Stm32::writeByte(unsigned char)
 .text._ZN14HAL_uart_Stm3210getTime_usEv
                0x0000000008005f60        0x8 .pio/build/genericSTM32F103C8/liba53/libIndexPnpBusDriver.a(HAL_uart_Stm32.cpp.o)
                0x0000000008005f60                HAL_uart_Stm32::getTime_us()
 .text._ZN14HAL_uart_Stm32C2EP13USART_TypeDefmmPFiP8serial_sEPFvS3_E
                0x0000000008005f68       0xb4 .pio/build/genericSTM32F103C8/liba53/libIndexPnpBusDriver.a(HAL_uart_Stm32.cpp.o)
                0x0000000008005f68                HAL_uart_Stm32::HAL_uart_Stm32(USART_TypeDef*, unsigned long, unsigned long, int (*)(serial_s*), void (*)(serial_s*))
                0x0000000008005f68                HAL_uart_Stm32::HAL_uart_Stm32(USART_TypeDef*, unsigned long, unsigned long, int (*)(serial_s*), void (*)(serial_s*))
 .text._ZN14HAL_uart_Stm324InitEP22HAL_uart_cbk_Interfacem
                0x000000000800601c       0x50 .pio/build/genericSTM32F103C8/liba53/libIndexPnpBusDriver.a(HAL_uart_Stm32.cpp.o)
                0x000000000800601c                HAL_uart_Stm32::Init(HAL_uart_cbk_Interface*, unsigned long)
 .text._ZN14HAL_uart_Stm3216_rx_complete_irqEP8serial_s
                0x000000000800606c       0x22 .pio/build/genericSTM32F103C8/liba53/libIndexPnpBusDriver.a(HAL_uart_Stm32.cpp.o)
                0x000000000800606c                HAL_uart_Stm32::_rx_complete_irq(serial_s*)
 .text._ZN14HAL_uart_Stm3216_tx_complete_irqEP8serial_s
                0x000000000800608e       0x40 .pio/build/genericSTM32F103C8/liba53/libIndexPnpBusDriver.a(HAL_uart_Stm32.cpp.o)
                0x000000000800608e                HAL_uart_Stm32::_tx_complete_irq(serial_s*)
 .text._ZN17IndexPnpBusClient15txFrameCompleteEv
                0x00000000080060ce        0x2 .pio/build/genericSTM32F103C8/liba53/libIndexPnpBusDriver.a(IndexPnpBusClient.cpp.o)
                0x00000000080060ce                IndexPnpBusClient::txFrameComplete()
 .text._ZN17IndexPnpBusClient10receivePduER14IndexPnpBusPdu
                0x00000000080060d0      0x10c .pio/build/genericSTM32F103C8/liba53/libIndexPnpBusDriver.a(IndexPnpBusClient.cpp.o)
                0x00000000080060d0                IndexPnpBusClient::receivePdu(IndexPnpBusPdu&)
 .text._ZN17IndexPnpBusClientC2Ev
                0x00000000080061dc       0x28 .pio/build/genericSTM32F103C8/liba53/libIndexPnpBusDriver.a(IndexPnpBusClient.cpp.o)
                0x00000000080061dc                IndexPnpBusClient::IndexPnpBusClient()
                0x00000000080061dc                IndexPnpBusClient::IndexPnpBusClient()
 .text._ZN17IndexPnpBusClient4InitEP31IndexPnpBusClient_cbk_Interface
                0x0000000008006204        0x4 .pio/build/genericSTM32F103C8/liba53/libIndexPnpBusDriver.a(IndexPnpBusClient.cpp.o)
                0x0000000008006204                IndexPnpBusClient::Init(IndexPnpBusClient_cbk_Interface*)
 .text._ZN20IndexPnpBusLinkLayer10txCompleteEv
                0x0000000008006208       0xf4 .pio/build/genericSTM32F103C8/liba53/libIndexPnpBusDriver.a(IndexPnpBusLinkLayer.cpp.o)
                0x0000000008006208                IndexPnpBusLinkLayer::txComplete()
 .text._ZN20IndexPnpBusLinkLayer10rxCompleteEh
                0x00000000080062fc      0x118 .pio/build/genericSTM32F103C8/liba53/libIndexPnpBusDriver.a(IndexPnpBusLinkLayer.cpp.o)
                0x00000000080062fc                IndexPnpBusLinkLayer::rxComplete(unsigned char)
 .text._ZN20IndexPnpBusLinkLayer6InitLlEP18HAL_uart_Interfaceh
                0x0000000008006414       0x50 .pio/build/genericSTM32F103C8/liba53/libIndexPnpBusDriver.a(IndexPnpBusLinkLayer.cpp.o)
                0x0000000008006414                IndexPnpBusLinkLayer::InitLl(HAL_uart_Interface*, unsigned char)
 .text._ZN20IndexPnpBusLinkLayer11transmitPduER14IndexPnpBusPdu
                0x0000000008006464       0x90 .pio/build/genericSTM32F103C8/liba53/libIndexPnpBusDriver.a(IndexPnpBusLinkLayer.cpp.o)
                0x0000000008006464                IndexPnpBusLinkLayer::transmitPdu(IndexPnpBusPdu&)
 .text._ZN14IndexPnpBusPduC2Ev
                0x00000000080064f4        0xe .pio/build/genericSTM32F103C8/liba53/libIndexPnpBusDriver.a(IndexPnpBusPdu.cpp.o)
                0x00000000080064f4                IndexPnpBusPdu::IndexPnpBusPdu()
                0x00000000080064f4                IndexPnpBusPdu::IndexPnpBusPdu()
 .text._ZN14IndexPnpBusPdu4InitEv
                0x0000000008006502        0xe .pio/build/genericSTM32F103C8/liba53/libIndexPnpBusDriver.a(IndexPnpBusPdu.cpp.o)
                0x0000000008006502                IndexPnpBusPdu::Init()
 .text._ZN14IndexPnpBusPdu14calculateCrc16Ev
                0x0000000008006510       0x4c .pio/build/genericSTM32F103C8/liba53/libIndexPnpBusDriver.a(IndexPnpBusPdu.cpp.o)
                0x0000000008006510                IndexPnpBusPdu::calculateCrc16()
 .text._ZN14IndexPnpBusPdu8checkCrcEv
                0x000000000800655c       0x12 .pio/build/genericSTM32F103C8/liba53/libIndexPnpBusDriver.a(IndexPnpBusPdu.cpp.o)
                0x000000000800655c                IndexPnpBusPdu::checkCrc()
 .text._ZN14IndexPnpBusPdu13buildResponseE23IndexPnpBusResponseCodehPh
                0x000000000800656e       0x26 .pio/build/genericSTM32F103C8/liba53/libIndexPnpBusDriver.a(IndexPnpBusPdu.cpp.o)
                0x000000000800656e                IndexPnpBusPdu::buildResponse(IndexPnpBusResponseCode, unsigned char, unsigned char*)
 .text.unlikely._ZSt25__throw_bad_function_callv
                0x0000000008006594        0x6 c:/users/friedrich/.platformio/packages/toolchain-gccarmnoneeabi/bin/../lib/gcc/arm-none-eabi/9.2.1/../../../../arm-none-eabi/lib/thumb/v7-m/nofp\libstdc++_nano.a(functional.o)
                0x0000000008006594                std::__throw_bad_function_call()
 .text.abort    0x000000000800659a        0xe c:/users/friedrich/.platformio/packages/toolchain-gccarmnoneeabi/bin/../lib/gcc/arm-none-eabi/9.2.1/../../../../arm-none-eabi/lib/thumb/v7-m/nofp\libc_nano.a(lib_a-abort.o)
                0x000000000800659a                abort
 .text.__libc_init_array
                0x00000000080065a8       0x48 c:/users/friedrich/.platformio/packages/toolchain-gccarmnoneeabi/bin/../lib/gcc/arm-none-eabi/9.2.1/../../../../arm-none-eabi/lib/thumb/v7-m/nofp\libc_nano.a(lib_a-init.o)
                0x00000000080065a8                __libc_init_array
 .text.malloc   0x00000000080065f0       0x10 c:/users/friedrich/.platformio/packages/toolchain-gccarmnoneeabi/bin/../lib/gcc/arm-none-eabi/9.2.1/../../../../arm-none-eabi/lib/thumb/v7-m/nofp\libc_nano.a(lib_a-malloc.o)
                0x00000000080065f0                malloc
 .text.free     0x0000000008006600       0x10 c:/users/friedrich/.platformio/packages/toolchain-gccarmnoneeabi/bin/../lib/gcc/arm-none-eabi/9.2.1/../../../../arm-none-eabi/lib/thumb/v7-m/nofp\libc_nano.a(lib_a-malloc.o)
                0x0000000008006600                free
 .text.memcpy   0x0000000008006610       0x1c c:/users/friedrich/.platformio/packages/toolchain-gccarmnoneeabi/bin/../lib/gcc/arm-none-eabi/9.2.1/../../../../arm-none-eabi/lib/thumb/v7-m/nofp\libc_nano.a(lib_a-memcpy-stub.o)
                0x0000000008006610                memcpy
 .text._free_r  0x000000000800662c       0x98 c:/users/friedrich/.platformio/packages/toolchain-gccarmnoneeabi/bin/../lib/gcc/arm-none-eabi/9.2.1/../../../../arm-none-eabi/lib/thumb/v7-m/nofp\libc_nano.a(lib_a-nano-freer.o)
                0x000000000800662c                _free_r
 .text._malloc_r
                0x00000000080066c4       0xb4 c:/users/friedrich/.platformio/packages/toolchain-gccarmnoneeabi/bin/../lib/gcc/arm-none-eabi/9.2.1/../../../../arm-none-eabi/lib/thumb/v7-m/nofp\libc_nano.a(lib_a-nano-mallocr.o)
                0x00000000080066c4                _malloc_r
 .text._sbrk_r  0x0000000008006778       0x20 c:/users/friedrich/.platformio/packages/toolchain-gccarmnoneeabi/bin/../lib/gcc/arm-none-eabi/9.2.1/../../../../arm-none-eabi/lib/thumb/v7-m/nofp\libc_nano.a(lib_a-sbrkr.o)
                0x0000000008006778                _sbrk_r
 .text._raise_r
                0x0000000008006798       0x50 c:/users/friedrich/.platformio/packages/toolchain-gccarmnoneeabi/bin/../lib/gcc/arm-none-eabi/9.2.1/../../../../arm-none-eabi/lib/thumb/v7-m/nofp\libc_nano.a(lib_a-signal.o)
                0x0000000008006798                _raise_r
 .text.raise    0x00000000080067e8       0x10 c:/users/friedrich/.platformio/packages/toolchain-gccarmnoneeabi/bin/../lib/gcc/arm-none-eabi/9.2.1/../../../../arm-none-eabi/lib/thumb/v7-m/nofp\libc_nano.a(lib_a-signal.o)
                0x00000000080067e8                raise
 .text._kill_r  0x00000000080067f8       0x24 c:/users/friedrich/.platformio/packages/toolchain-gccarmnoneeabi/bin/../lib/gcc/arm-none-eabi/9.2.1/../../../../arm-none-eabi/lib/thumb/v7-m/nofp\libc_nano.a(lib_a-signalr.o)
                0x00000000080067f8                _kill_r
 .text._getpid_r
                0x000000000800681c        0x4 c:/users/friedrich/.platformio/packages/toolchain-gccarmnoneeabi/bin/../lib/gcc/arm-none-eabi/9.2.1/../../../../arm-none-eabi/lib/thumb/v7-m/nofp\libc_nano.a(lib_a-signalr.o)
                0x000000000800681c                _getpid_r
 .text.__retarget_lock_acquire_recursive
                0x0000000008006820        0x2 c:/users/friedrich/.platformio/packages/toolchain-gccarmnoneeabi/bin/../lib/gcc/arm-none-eabi/9.2.1/../../../../arm-none-eabi/lib/thumb/v7-m/nofp\libc_nano.a(lib_a-lock.o)
                0x0000000008006820                __retarget_lock_acquire_recursive
 .text.__retarget_lock_release_recursive
                0x0000000008006822        0x2 c:/users/friedrich/.platformio/packages/toolchain-gccarmnoneeabi/bin/../lib/gcc/arm-none-eabi/9.2.1/../../../../arm-none-eabi/lib/thumb/v7-m/nofp\libc_nano.a(lib_a-lock.o)
                0x0000000008006822                __retarget_lock_release_recursive
 .text.__malloc_lock
                0x0000000008006824        0xc c:/users/friedrich/.platformio/packages/toolchain-gccarmnoneeabi/bin/../lib/gcc/arm-none-eabi/9.2.1/../../../../arm-none-eabi/lib/thumb/v7-m/nofp\libc_nano.a(lib_a-mlock.o)
                0x0000000008006824                __malloc_lock
 .text.__malloc_unlock
                0x0000000008006830        0xc c:/users/friedrich/.platformio/packages/toolchain-gccarmnoneeabi/bin/../lib/gcc/arm-none-eabi/9.2.1/../../../../arm-none-eabi/lib/thumb/v7-m/nofp\libc_nano.a(lib_a-mlock.o)
                0x0000000008006830                __malloc_unlock
 *(.glue_7)
 .glue_7        0x000000000800683c        0x0 linker stubs
 *(.glue_7t)
 .glue_7t       0x000000000800683c        0x0 linker stubs
 *(.eh_frame)
 .eh_frame      0x000000000800683c        0x0 c:/users/friedrich/.platformio/packages/toolchain-gccarmnoneeabi/bin/../lib/gcc/arm-none-eabi/9.2.1/thumb/v7-m/nofp/crtbegin.o
 *(.init)
 .init          0x000000000800683c        0x4 c:/users/friedrich/.platformio/packages/toolchain-gccarmnoneeabi/bin/../lib/gcc/arm-none-eabi/9.2.1/thumb/v7-m/nofp/crti.o
                0x000000000800683c                _init
 .init          0x0000000008006840        0x8 c:/users/friedrich/.platformio/packages/toolchain-gccarmnoneeabi/bin/../lib/gcc/arm-none-eabi/9.2.1/thumb/v7-m/nofp/crtn.o
 *(.fini)
 .fini          0x0000000008006848        0x4 c:/users/friedrich/.platformio/packages/toolchain-gccarmnoneeabi/bin/../lib/gcc/arm-none-eabi/9.2.1/thumb/v7-m/nofp/crti.o
                0x0000000008006848                _fini
 .fini          0x000000000800684c        0x8 c:/users/friedrich/.platformio/packages/toolchain-gccarmnoneeabi/bin/../lib/gcc/arm-none-eabi/9.2.1/thumb/v7-m/nofp/crtn.o
                0x0000000008006854                . = ALIGN (0x4)
                0x0000000008006854                _etext = .

.vfp11_veneer   0x0000000008006854        0x0
 .vfp11_veneer  0x0000000008006854        0x0 linker stubs

.v4_bx          0x0000000008006854        0x0
 .v4_bx         0x0000000008006854        0x0 linker stubs

.iplt           0x0000000008006854        0x0
 .iplt          0x0000000008006854        0x0 c:/users/friedrich/.platformio/packages/toolchain-gccarmnoneeabi/bin/../lib/gcc/arm-none-eabi/9.2.1/thumb/v7-m/nofp/crtbegin.o

.rodata         0x0000000008006854      0x8d8
                0x0000000008006854                . = ALIGN (0x4)
 *(.rodata)
 *(.rodata*)
 .rodata.PinMap_PWM
                0x0000000008006854      0x138 .pio/build/genericSTM32F103C8/FrameworkArduinoVariant/PeripheralPins.c.o
                0x0000000008006854                PinMap_PWM
 .rodata.PinMap_UART_RX
                0x000000000800698c       0x3c .pio/build/genericSTM32F103C8/FrameworkArduinoVariant/PeripheralPins.c.o
                0x000000000800698c                PinMap_UART_RX
 .rodata.PinMap_UART_TX
                0x00000000080069c8       0x3c .pio/build/genericSTM32F103C8/FrameworkArduinoVariant/PeripheralPins.c.o
                0x00000000080069c8                PinMap_UART_TX
 .rodata.PinMap_USB
                0x0000000008006a04       0x24 .pio/build/genericSTM32F103C8/FrameworkArduinoVariant/PeripheralPins.c.o
                0x0000000008006a04                PinMap_USB
 .rodata.analogInputPin
                0x0000000008006a28       0x28 .pio/build/genericSTM32F103C8/FrameworkArduinoVariant/variant.cpp.o
                0x0000000008006a28                analogInputPin
 .rodata.digitalPin
                0x0000000008006a50       0x4a .pio/build/genericSTM32F103C8/FrameworkArduinoVariant/variant.cpp.o
                0x0000000008006a50                digitalPin
 *fill*         0x0000000008006a9a        0x2 
 .rodata._ZN14HardwareSerial5beginEmh.str1.4
                0x0000000008006a9c       0x62 .pio/build/genericSTM32F103C8/FrameworkArduino/HardwareSerial.cpp.o
 *fill*         0x0000000008006afe        0x2 
 .rodata._ZTV14HardwareSerial
                0x0000000008006b00       0x28 .pio/build/genericSTM32F103C8/FrameworkArduino/HardwareSerial.cpp.o
                0x0000000008006b00                vtable for HardwareSerial
 .rodata._ZN13HardwareTimer12pauseChannelEm.str1.4
                0x0000000008006b28       0x61 .pio/build/genericSTM32F103C8/FrameworkArduino/HardwareTimer.cpp.o
 *fill*         0x0000000008006b89        0x3 
 .rodata._ZTV9IPAddress
                0x0000000008006b8c        0xc .pio/build/genericSTM32F103C8/FrameworkArduino/IPAddress.cpp.o
                0x0000000008006b8c                vtable for IPAddress
 .rodata._ZTV9USBSerial
                0x0000000008006b98       0x2c .pio/build/genericSTM32F103C8/FrameworkArduino/USBSerial.cpp.o
                0x0000000008006b98                vtable for USBSerial
 .rodata.USBD_LL_Init.str1.4
                0x0000000008006bc4       0x65 .pio/build/genericSTM32F103C8/FrameworkArduino/stm32/usb/usbd_conf.c.o
 *fill*         0x0000000008006c29        0x3 
 .rodata.USBD_Class_ProductStrDescriptor.str1.4
                0x0000000008006c2c       0x46 .pio/build/genericSTM32F103C8/FrameworkArduino/stm32/usb/usbd_desc.c.o
 *fill*         0x0000000008006c72        0x2 
 .rodata.USBD_ManufacturerStrDescriptor.str1.4
                0x0000000008006c74       0x13 .pio/build/genericSTM32F103C8/FrameworkArduino/stm32/usb/usbd_desc.c.o
 *fill*         0x0000000008006c87        0x1 
 .rodata.USBD_Class_ConfigStrDescriptor.str1.4
                0x0000000008006c88       0x1e .pio/build/genericSTM32F103C8/FrameworkArduino/stm32/usb/usbd_desc.c.o
 *fill*         0x0000000008006ca6        0x2 
 .rodata.USBD_Class_InterfaceStrDescriptor.str1.4
                0x0000000008006ca8       0x21 .pio/build/genericSTM32F103C8/FrameworkArduino/stm32/usb/usbd_desc.c.o
 *fill*         0x0000000008006cc9        0x3 
 .rodata.ep_def
                0x0000000008006ccc       0x3c .pio/build/genericSTM32F103C8/FrameworkArduino/stm32/usb/usbd_ep_conf.c.o
                0x0000000008006ccc                ep_def
 .rodata.pinMode.str1.4
                0x0000000008006d08       0x60 .pio/build/genericSTM32F103C8/FrameworkArduino/wiring_digital.c.o
 .rodata.HAL_RCC_GetSysClockFreq.str1.4
                0x0000000008006d68       0x11 .pio/build/genericSTM32F103C8/SrcWrapper/src/HAL/stm32yyxx_hal_rcc.c.o
 *fill*         0x0000000008006d79        0x3 
 .rodata.pin_function.str1.4
                0x0000000008006d7c       0x69 .pio/build/genericSTM32F103C8/SrcWrapper/src/stm32/pinmap.c.o
 *fill*         0x0000000008006de5        0x3 
 .rodata.pin_map_ll
                0x0000000008006de8       0x40 .pio/build/genericSTM32F103C8/SrcWrapper/src/stm32/pinmap.c.o
                0x0000000008006de8                pin_map_ll
 .rodata.AHBPrescTable
                0x0000000008006e28       0x10 .pio/build/genericSTM32F103C8/SrcWrapper/src/stm32/system_stm32yyxx.c.o
                0x0000000008006e28                AHBPrescTable
 .rodata.APBPrescTable
                0x0000000008006e38        0x8 .pio/build/genericSTM32F103C8/SrcWrapper/src/stm32/system_stm32yyxx.c.o
                0x0000000008006e38                APBPrescTable
 .rodata.getTimerUpIrq.str1.4
                0x0000000008006e40       0x18 .pio/build/genericSTM32F103C8/SrcWrapper/src/stm32/timer.c.o
 .rodata._ZTV18IndexPnPFeederAppl
                0x0000000008006e58       0x20 .pio/build/genericSTM32F103C8/src/IndexPnPFeederAppl.cpp.o
                0x0000000008006e58                vtable for IndexPnPFeederAppl
 .rodata._ZTV14HAL_uart_Stm32
                0x0000000008006e78       0x24 .pio/build/genericSTM32F103C8/liba53/libIndexPnpBusDriver.a(HAL_uart_Stm32.cpp.o)
                0x0000000008006e78                vtable for HAL_uart_Stm32
 .rodata._ZTV17IndexPnpBusClient
                0x0000000008006e9c       0x18 .pio/build/genericSTM32F103C8/liba53/libIndexPnpBusDriver.a(IndexPnpBusClient.cpp.o)
                0x0000000008006e9c                vtable for IndexPnpBusClient
 .rodata._ZTV20IndexPnpBusLinkLayer
                0x0000000008006eb4       0x18 .pio/build/genericSTM32F103C8/liba53/libIndexPnpBusDriver.a(IndexPnpBusLinkLayer.cpp.o)
                0x0000000008006eb4                vtable for IndexPnpBusLinkLayer
 .rodata._ZN14IndexPnpBusPdu14crc16LookupLowE
                0x0000000008006ecc      0x100 .pio/build/genericSTM32F103C8/liba53/libIndexPnpBusDriver.a(IndexPnpBusPdu.cpp.o)
                0x0000000008006ecc                IndexPnpBusPdu::crc16LookupLow
 .rodata._ZN14IndexPnpBusPdu15crc16LookupHighE
                0x0000000008006fcc      0x100 .pio/build/genericSTM32F103C8/liba53/libIndexPnpBusDriver.a(IndexPnpBusPdu.cpp.o)
                0x0000000008006fcc                IndexPnpBusPdu::crc16LookupHigh
 .rodata.__sf_fake_stderr
                0x00000000080070cc       0x20 c:/users/friedrich/.platformio/packages/toolchain-gccarmnoneeabi/bin/../lib/gcc/arm-none-eabi/9.2.1/../../../../arm-none-eabi/lib/thumb/v7-m/nofp\libc_nano.a(lib_a-findfp.o)
                0x00000000080070cc                __sf_fake_stderr
 .rodata.__sf_fake_stdin
                0x00000000080070ec       0x20 c:/users/friedrich/.platformio/packages/toolchain-gccarmnoneeabi/bin/../lib/gcc/arm-none-eabi/9.2.1/../../../../arm-none-eabi/lib/thumb/v7-m/nofp\libc_nano.a(lib_a-findfp.o)
                0x00000000080070ec                __sf_fake_stdin
 .rodata.__sf_fake_stdout
                0x000000000800710c       0x20 c:/users/friedrich/.platformio/packages/toolchain-gccarmnoneeabi/bin/../lib/gcc/arm-none-eabi/9.2.1/../../../../arm-none-eabi/lib/thumb/v7-m/nofp\libc_nano.a(lib_a-findfp.o)
                0x000000000800710c                __sf_fake_stdout
                0x000000000800712c                . = ALIGN (0x4)

.rel.dyn        0x000000000800712c        0x0
 .rel.iplt      0x000000000800712c        0x0 c:/users/friedrich/.platformio/packages/toolchain-gccarmnoneeabi/bin/../lib/gcc/arm-none-eabi/9.2.1/thumb/v7-m/nofp/crtbegin.o

.ARM.extab
 *(.ARM.extab* .gnu.linkonce.armextab.*)

.ARM            0x000000000800712c        0x0
                0x000000000800712c                __exidx_start = .
 *(.ARM.exidx*)
                0x000000000800712c                __exidx_end = .

.preinit_array  0x000000000800712c        0x0
                0x000000000800712c                PROVIDE (__preinit_array_start = .)
 *(.preinit_array*)
                0x000000000800712c                PROVIDE (__preinit_array_end = .)

.init_array     0x000000000800712c       0x1c
                0x000000000800712c                PROVIDE (__init_array_start = .)
 *(SORT_BY_NAME(.init_array.*))
 .init_array.00101
                0x000000000800712c        0x4 .pio/build/genericSTM32F103C8/FrameworkArduino/main.cpp.o
 *(.init_array*)
 .init_array    0x0000000008007130        0x4 c:/users/friedrich/.platformio/packages/toolchain-gccarmnoneeabi/bin/../lib/gcc/arm-none-eabi/9.2.1/thumb/v7-m/nofp/crtbegin.o
 .init_array    0x0000000008007134        0x4 .pio/build/genericSTM32F103C8/FrameworkArduino/HardwareSerial.cpp.o
 .init_array    0x0000000008007138        0x4 .pio/build/genericSTM32F103C8/FrameworkArduino/IPAddress.cpp.o
 .init_array    0x000000000800713c        0x4 .pio/build/genericSTM32F103C8/FrameworkArduino/USBSerial.cpp.o
 .init_array    0x0000000008007140        0x4 .pio/build/genericSTM32F103C8/SrcWrapper/src/stm32/interrupt.cpp.o
 .init_array    0x0000000008007144        0x4 .pio/build/genericSTM32F103C8/src/main.cpp.o
                0x0000000008007148                PROVIDE (__init_array_end = .)

.fini_array     0x0000000008007148        0x8
                [!provide]                        PROVIDE (__fini_array_start = .)
 *(SORT_BY_NAME(.fini_array.*))
 *(.fini_array*)
 .fini_array    0x0000000008007148        0x4 c:/users/friedrich/.platformio/packages/toolchain-gccarmnoneeabi/bin/../lib/gcc/arm-none-eabi/9.2.1/thumb/v7-m/nofp/crtbegin.o
 .fini_array    0x000000000800714c        0x4 .pio/build/genericSTM32F103C8/SrcWrapper/src/stm32/interrupt.cpp.o
                [!provide]                        PROVIDE (__fini_array_end = .)
                0x0000000008007150                _sidata = LOADADDR (.data)

.data           0x0000000020000000      0x208 load address 0x0000000008007150